C51 COMPILER V9.60.0.0   LEDMGMT                                                           11/15/2024 17:30:59 PAGE 1   


C51 COMPILER V9.60.0.0, COMPILATION OF MODULE LEDMGMT
OBJECT MODULE PLACED IN .\Objects\LEDMgmt.obj
COMPILER INVOKED BY: C:\Keil_v5\C51\BIN\C51.EXE Hardware\LEDMgmt.c OPTIMIZE(9,SPEED) BROWSE INCDIR(.\include;.\StdDriver
                    -\inc;.\Hardware) DEBUG OBJECTEXTEND PRINT(.\Listings\LEDMgmt.lst) TABS(2) OBJECT(.\Objects\LEDMgmt.obj)

line level    source

   1          #include "delay.h"
   2          #include "LEDMgmt.h"
   3          #include "GPIO.h"
   4          #include "PinDefs.h"
   5          #include "cms8s6990.h"
   6          
   7          volatile LEDStateDef LEDMode; 
   8          static char timer=0;
   9          static xdata char StepDownTIM; 
  10          xdata int LEDBrightNess; //LED亮度占空比数据
  11          
  12          sbit RedLED=RedLEDIOP^RedLEDIOx;
  13          sbit GreenLED=GreenLEDIOP^GreenLEDIOx;
  14          
  15          //LED配置函数
  16          void LED_Init(void)
  17            {
  18   1        GPIOCfgDef LEDInitCfg;
  19   1        //设置结构体
  20   1        LEDInitCfg.Mode=GPIO_Out_PP;
  21   1        LEDInitCfg.Slew=GPIO_Slow_Slew;   
  22   1        LEDInitCfg.DRVCurrent=GPIO_High_Current; //配置为低斜率大电流的推挽输出
  23   1        //初始化寄存器
  24   1        RedLED=0;
  25   1        GreenLED=0;
  26   1        //配置GPIO
  27   1        GPIO_ConfigGPIOMode(RedLEDIOG,GPIOMask(RedLEDIOx),&LEDInitCfg); //红色LED(推挽输出)
  28   1        GPIO_ConfigGPIOMode(GreenLEDIOG,GPIOMask(GreenLEDIOx),&LEDInitCfg); //绿色LED(推挽输出)
  29   1        //初始化模式设置
  30   1        LEDMode=LED_OFF;
  31   1        }
  32          
  33          //LED管理器切换到PWM模式
  34          void LEDMgmt_SwitchToPWM(void)
  35            {
  36   1        //启用复用功能
  37   1        GPIO_SetMUXMode(RedLEDIOG,RedLEDIOx,GPIO_AF_PWMCH2);
  38   1        GPIO_SetMUXMode(GreenLEDIOG,GreenLEDIOx,GPIO_AF_PWMCH3);
  39   1        //配置PWM发生器
  40   1        PWMOE|=0x0C; //打开PWM输出通道2 3
  41   1        PWM23PSC=0x01;  //打开预分频器和计数器时钟 
  42   1        PWM2DIV=0xff;   
  43   1        PWM3DIV=0xff;   //令Fpwmcnt=Fsys=48MHz(不分频)  
  44   1        PWMCNTM|=0x0C; //通道2 3配置为自动加载模式
  45   1        PWMCNTCLR=0x0C; //初始化PWM的时候复位通道2和3定时器
  46   1        PWMMASKE|=0x0C; //PWM掩码功能启用禁止通道2 3输出
  47   1        //配置周期数据
  48   1        PWMP2H=0x09;
  49   1        PWMP2L=0x5F; 
  50   1        PWMP3H=0x09;
  51   1        PWMP3L=0x5F; //CNT=(48MHz/20Khz)-1=2399
  52   1        //根据目标亮度值启用定时器
  53   1        LEDMgmt_SetBrightness(); 
  54   1        //启用定时器
C51 COMPILER V9.60.0.0   LEDMGMT                                                           11/15/2024 17:30:59 PAGE 2   

  55   1        PWMCNTE|=0x0C; //使能通道0的计数器，PWM开始运作
  56   1        while(LEDMgmt_WaitSubmitDuty()); //等待加载结束
  57   1        } 
  58          
  59          //设置LED开关 
  60          static void SetLEDONOFF(bit RLED,bit GLED)
  61            {
  62   1        unsigned char buf;
  63   1        //非PWM模式直接设置对应SFR
  64   1        if(!(PWMCNTE&0x0C))
  65   1          {
  66   2          RedLED=RLED;
  67   2          GreenLED=GLED;
  68   2          }
  69   1        //PWM模式设置输出mask寄存器
  70   1        else
  71   1          {
  72   2          buf=PWMMASKE;
  73   2          if(RLED)buf&=0xFB;
  74   2          else buf|=0x04; //控制PWM通道2是否正常输出来打开关闭红色LED
  75   2          if(GLED)buf&=0xF7;
  76   2          else buf|=0x08; //控制PWM通道3是否正常输出来打开关闭绿色LED
  77   2          PWMMASKE=buf;
  78   2          }
  79   1        } 
  80            
  81          //LED管理器实时设置亮度  
  82          void LEDMgmt_SetBrightness(void)
  83            {
  84   1        //亮度限幅
  85   1        if(LEDBrightNess>2399)LEDBrightNess=2399;
  86   1        if(LEDBrightNess<50)LEDBrightNess=50;
  87   1        //设置寄存器
  88   1        PWMD2H=(LEDBrightNess>>8)&0xFF;
  89   1        PWMD2L=LEDBrightNess&0xFF; 
  90   1        PWMD3H=(LEDBrightNess>>8)&0xFF;
  91   1        PWMD3L=LEDBrightNess&0xFF; 
  92   1        //编程参数值
  93   1        PWMLOADEN|=0x0C; //加载对应通道的PWM值
  94   1        }
  95            
  96          //LED控制函数
  97          void LEDControlHandler(void)
  98            {
  99   1        char buf;
 100   1        bit IsLEDON,RLED,GLED;
 101   1        //据目标模式设置LED状态
 102   1        switch(LEDMode)
 103   1          {
 104   2          case LED_OFF:RLED=0;GLED=0;timer=0;break; //LED关闭
 105   2          case LED_Green:RLED=0;GLED=1;break;//绿色LED
 106   2          case LED_Red:RLED=1;GLED=0;break;//红色LED
 107   2          case LED_Amber:RLED=1;GLED=1;break;//黄色LED
 108   2          case LED_RedBlink_Fast: //红色快闪  
 109   2          case LED_RedBlink: //红色闪烁
 110   2            GLED=0;
 111   2            buf=timer&0x7F; //读取当前定时器的控制位
 112   2            if(buf<(LEDMode==LED_RedBlink?3:0))
 113   2              {
 114   3              buf++;
 115   3              timer&=0x80;
 116   3              timer|=buf; //时间没到，继续计时
C51 COMPILER V9.60.0.0   LEDMGMT                                                           11/15/2024 17:30:59 PAGE 3   

 117   3              }
 118   2            else timer=timer&0x80?0x00:0x80; //翻转bit 7并重置定时器
 119   2            RLED=timer&0x80?1:0; //根据bit 7载入LED控制位
 120   2            break;
 121   2          case LED_GreenBlinkThird:
 122   2          case LED_RedBlinkThird: //LED红色闪烁3次
 123   2          case LED_RedBlinkFifth: //LED红色闪烁5次
 124   2            timer&=0x7F; //去掉最上面的位
 125   2            if(timer>((LEDMode==LED_RedBlinkThird||LEDMode==LED_GreenBlinkThird)?6:10))
 126   2              {
 127   3              GLED=0; //绿色LED持续关闭
 128   3              RLED=0;
 129   3              LEDMode=LED_OFF; //时间到，关闭识别
 130   3              }
 131   2            else //继续计时
 132   2              {
 133   3              IsLEDON=(timer%2)?1:0; //通过余2判断实现检测
 134   3              RLED=LEDMode==LED_GreenBlinkThird?0:IsLEDON;
 135   3                GLED=LEDMode==LED_GreenBlinkThird?IsLEDON:0;
 136   3              timer++;
 137   3              }   
 138   2            break;
 139   2          }
 140   1        //LED运算完毕，提交到寄存器控制亮灭
 141   1        SetLEDONOFF(RLED,GLED);
 142   1        }
 143            
 144          //制造一次快闪
 145          void MakeFastStrobe(LEDStateDef LEDMode)
 146            {
 147   1        bit RLED=0,GLED=0;
 148   1        //打开LED
 149   1        switch(LEDMode)
 150   1          {
 151   2          case LED_Green:RLED=0;GLED=1;break;//绿色LED
 152   2          case LED_Red:RLED=1;GLED=0;break;//红色LED
 153   2          case LED_Amber:RLED=1;GLED=1;break;//黄色LED
 154   2          }
 155   1        SetLEDONOFF(RLED,GLED);
 156   1        delay_ms(20);
 157   1        //关闭LED
 158   1        SetLEDONOFF(0,0);
 159   1        } 


MODULE INFORMATION:   STATIC OVERLAYABLE
   CODE SIZE        =    593    ----
   CONSTANT SIZE    =   ----    ----
   XDATA SIZE       =      3    ----
   PDATA SIZE       =   ----    ----
   DATA SIZE        =      2       3
   IDATA SIZE       =   ----    ----
   BIT SIZE         =   ----       7
END OF MODULE INFORMATION.


C51 COMPILATION COMPLETE.  0 WARNING(S),  0 ERROR(S)
