C51 COMPILER V9.60.0.0   MAIN                                                              11/15/2024 17:31:18 PAGE 1   


C51 COMPILER V9.60.0.0, COMPILATION OF MODULE MAIN
OBJECT MODULE PLACED IN .\Objects\main.obj
COMPILER INVOKED BY: C:\Keil_v5\C51\BIN\C51.EXE main.c OPTIMIZE(9,SPEED) BROWSE INCDIR(.\include;.\StdDriver\inc;.\Hardw
                    -are) DEBUG OBJECTEXTEND PRINT(.\Listings\main.lst) TABS(2) OBJECT(.\Objects\main.obj)

line level    source

   1          #include "cms8s6990.h"
   2          #include "GPIO.h"
   3          #include "delay.h"
   4          #include "SideKey.h"
   5          #include "LEDMgmt.h"
   6          #include "ADCCfg.h"
   7          #include "PinDefs.h"
   8          #include "OutputChannel.h"
   9          #include "PWMCfg.h"
  10          #include "BattDisplay.h"
  11          #include "ModeControl.h"
  12          #include "Watchdog.h"
  13          
  14          //函数声明
  15          void CheckNTCStatus(void);
  16          void SleepMgmt(void);
  17          void DisplayErrorTIMHandler(void);
  18          void ThermalCalcProcess(void);
  19          void OutputFaultDetect(void);
  20          void InputFaultDetect(void);
  21          
  22          //主函数
  23          void main()
  24            {
  25   1        //时钟初始化
  26   1        delay_init();  //延时函数初始化
  27   1        SetSystemHBTimer(1);//启用系统心跳8Hz定时器 
  28   1        //初始化外设
  29   1        CheckIfHBTIMIsReady();//检查系统心跳定时器是否已激活
  30   1        LED_Init(); //初始化侧按LED
  31   1        ADC_Init(); //初始化ADC
  32   1        CheckNTCStatus(); //检查NTC状态
  33   1        ModeFSMInit(); //初始化挡位状态机
  34   1        SideKeyInit(); //侧按初始化
  35   1        PWM_Init(); //启动PWM定时器 
  36   1        OutputChannel_Init(); //启动输出通道  
  37   1        OutputChannel_TestRun(); //输出通道试运行
  38   1        DisplayVBattAtStart(); //显示输出电压
  39   1        LEDMgmt_SwitchToPWM(); //数据加载完毕，切换到PWM控制亮度的侧按LED模式
  40   1        WDog_Init(); //启动看门狗
  41   1        EnableADCAsync(); //启动ADC的异步模式提高处理速度
  42   1        //主循环  
  43   1        while(1)
  44   1          {
  45   2          //实时处理
  46   2          SystemTelemHandler();//获取电池信息 
  47   2          SideKey_LogicHandler(); //处理侧按事务
  48   2          BatteryTelemHandler(); //处理电池遥测
  49   2          ModeSwitchFSM(); //挡位状态机
  50   2          ThermalCalcProcess(); //温控PI环路计算和过热保护
  51   2          OutputChannel_Calc(); //根据电流进行输出通道控制
  52   2          PWM_OutputCtrlHandler(); //处理PWM输出事务  
  53   2          //8Hz定时处理
  54   2          if(!SysHBFlag)continue; //时间没到，跳过处理
C51 COMPILER V9.60.0.0   MAIN                                                              11/15/2024 17:31:18 PAGE 2   

  55   2          SysHBFlag=0;
  56   2          WDog_Feed(); //喂狗
  57   2          BattDisplayTIM(); //电池电量显示TIM
  58   2          LEDControlHandler(); //侧按指示LED控制函数
  59   2          ModeFSMTIMHandler();//挡位状态机所需的软件定时器处理
  60   2          HoldSwitchGearCmdHandler(); //长按换挡
  61   2          DisplayErrorTIMHandler(); //故障代码显示
  62   2          MoonConfigHandler(); //月光配置功能
  63   2          OutputFaultDetect();//输出故障检测
  64   2          InputFaultDetect(); //输入虚接检测
  65   2          SleepMgmt(); //休眠管理
  66   2          }
  67   1        }
  68          
  69          //GPIO2中断回调处理函数
  70          void Key_IRQHandler(void)  interrupt P2EI_VECTOR 
  71            {
  72   1        //侧按中断触发，响应中断
  73   1        SideKey_Int_Callback();  //进行按键响应
  74   1        P2EXTIF=0;
  75   1        }


MODULE INFORMATION:   STATIC OVERLAYABLE
   CODE SIZE        =    169    ----
   CONSTANT SIZE    =   ----    ----
   XDATA SIZE       =   ----    ----
   PDATA SIZE       =   ----    ----
   DATA SIZE        =   ----    ----
   IDATA SIZE       =   ----    ----
   BIT SIZE         =   ----    ----
END OF MODULE INFORMATION.


C51 COMPILATION COMPLETE.  0 WARNING(S),  0 ERROR(S)
