BL51 BANKED LINKER/LOCATER V6.22.2.0                                                    11/15/2024  17:31:29  PAGE 1


BL51 BANKED LINKER/LOCATER V6.22.2.0, INVOKED BY:
C:\KEIL_V5\C51\BIN\BL51.EXE .\Objects\STARTUP_CMS8S6990.obj, .\Objects\main.obj, .\Objects\gpio.obj, .\Objects\ADCCfg.ob
>> j, .\Objects\delay.obj, .\Objects\NTC.obj, .\Objects\SideKey.obj, .\Objects\LEDMgmt.obj, .\Objects\PWM.obj, .\Objects
>> \OutputChannel.obj, .\Objects\Watchdog.obj, .\Objects\BattVoltDisplay.obj, .\Objects\TempControl.obj, .\Objects\Sleep
>> .obj, .\Objects\ModeControl.obj, .\Objects\RampConfig.obj, .\Objects\SelfTest.obj TO .\Objects\XRLite PRINT (.\Listin
>> gs\XRLite.m51) RAMSIZE (256)


MEMORY MODEL: SMALL WITH FLOATING POINT ARITHMETIC


INPUT MODULES INCLUDED:
  .\Objects\STARTUP_CMS8S6990.obj (?C_STARTUP)
  .\Objects\main.obj (MAIN)
  .\Objects\gpio.obj (GPIO)
  .\Objects\ADCCfg.obj (ADCCFG)
  .\Objects\delay.obj (DELAY)
  .\Objects\NTC.obj (NTC)
  .\Objects\SideKey.obj (SIDEKEY)
  .\Objects\LEDMgmt.obj (LEDMGMT)
  .\Objects\PWM.obj (PWM)
  .\Objects\OutputChannel.obj (OUTPUTCHANNEL)
  .\Objects\Watchdog.obj (WATCHDOG)
  .\Objects\BattVoltDisplay.obj (BATTVOLTDISPLAY)
  .\Objects\TempControl.obj (TEMPCONTROL)
  .\Objects\Sleep.obj (SLEEP)
  .\Objects\ModeControl.obj (MODECONTROL)
  .\Objects\RampConfig.obj (RAMPCONFIG)
  .\Objects\SelfTest.obj (SELFTEST)
  C:\KEIL_V5\C51\LIB\C51FPS.LIB (?C?FPADD)
  C:\KEIL_V5\C51\LIB\C51FPS.LIB (?C?FPMUL)
  C:\KEIL_V5\C51\LIB\C51FPS.LIB (?C?FPDIV)
  C:\KEIL_V5\C51\LIB\C51FPS.LIB (?C?FPCMP)
  C:\KEIL_V5\C51\LIB\C51FPS.LIB (?C?FCAST)
  C:\KEIL_V5\C51\LIB\C51FPS.LIB (?C?CASTF)
  C:\KEIL_V5\C51\LIB\C51FPS.LIB (?C?FPGETOPN)
  C:\KEIL_V5\C51\LIB\C51S.LIB (?C_INIT)
  C:\KEIL_V5\C51\LIB\C51S.LIB (?C?COPY)
  C:\KEIL_V5\C51\LIB\C51S.LIB (?C?SCDIV)
  C:\KEIL_V5\C51\LIB\C51S.LIB (?C?CLDPTR)
  C:\KEIL_V5\C51\LIB\C51S.LIB (?C?CLDOPTR)
  C:\KEIL_V5\C51\LIB\C51S.LIB (?C?CSTPTR)
  C:\KEIL_V5\C51\LIB\C51S.LIB (?C?IMUL)
  C:\KEIL_V5\C51\LIB\C51S.LIB (?C?SIDIV)
  C:\KEIL_V5\C51\LIB\C51S.LIB (?C?ILDOPTR)
  C:\KEIL_V5\C51\LIB\C51S.LIB (?C?ISTPTR)
  C:\KEIL_V5\C51\LIB\C51S.LIB (?C?LMUL)
  C:\KEIL_V5\C51\LIB\C51S.LIB (?C?ULDIV)
  C:\KEIL_V5\C51\LIB\C51S.LIB (?C?SLDIV)
  C:\KEIL_V5\C51\LIB\C51S.LIB (?C?LNEG)
  C:\KEIL_V5\C51\LIB\C51S.LIB (?C?SLCMP)
  C:\KEIL_V5\C51\LIB\C51S.LIB (?C?ULCMP)
  C:\KEIL_V5\C51\LIB\C51S.LIB (?C?ULSHR)
  C:\KEIL_V5\C51\LIB\C51S.LIB (?C?LLDCODE)
  C:\KEIL_V5\C51\LIB\C51S.LIB (?C?LSTXDATA)
  C:\KEIL_V5\C51\LIB\C51S.LIB (?C?LSTKXDATA)
  C:\KEIL_V5\C51\LIB\C51S.LIB (?C?OFFXADD)
  C:\KEIL_V5\C51\LIB\C51S.LIB (?C?UIDIV)
BL51 BANKED LINKER/LOCATER V6.22.2.0                                                  11/15/2024  17:31:29  PAGE 2




LINK MAP OF MODULE:  .\Objects\XRLite (?C_STARTUP)


            TYPE    BASE      LENGTH    RELOCATION   SEGMENT NAME
            -----------------------------------------------------

            * * * * * * *   D A T A   M E M O R Y   * * * * * * *
            REG     0000H     0008H     ABSOLUTE     "REG BANK 0"
            DATA    0008H     0013H     UNIT         ?DT?ADCCFG
            DATA    001BH     0004H     UNIT         ?DT?TEMPCONTROL
            DATA    001FH     0001H     UNIT         ?DT?DELAY
            BIT     0020H.0   0000H.6   UNIT         ?BI?MODECONTROL
            BIT     0020H.6   0000H.5   UNIT         _BIT_GROUP_
            BIT     0021H.3   0000H.3   UNIT         ?BI?DELAY
            BIT     0021H.6   0000H.3   UNIT         ?BI?PWM
            BIT     0022H.1   0000H.3   UNIT         ?BI?TEMPCONTROL
            BIT     0022H.4   0000H.2   UNIT         ?BI?BATTVOLTDISPLAY
            BIT     0022H.6   0000H.1   UNIT         ?BI?SIDEKEY
            BIT     0022H.7   0000H.1   UNIT         ?BI?SLEEP
            DATA    0023H     0029H     UNIT         _DATA_GROUP_
            DATA    004CH     000BH     UNIT         ?DT?MODECONTROL
            DATA    0057H     0009H     UNIT         ?DT?SIDEKEY
            DATA    0060H     0002H     UNIT         ?DT?LEDMGMT
            DATA    0062H     0001H     UNIT         ?DT?WDOG_INIT?WATCHDOG
            DATA    0063H     0001H     UNIT         ?DT?GETIFWDOGCAUSERST?WATCHDOG
            IDATA   0064H     0001H     UNIT         ?STACK

            * * * * * * *  X D A T A   M E M O R Y  * * * * * * *
            XDATA   0000H     001CH     UNIT         _XDATA_GROUP_
            XDATA   001CH     0018H     UNIT         ?XD?BATTVOLTDISPLAY
            XDATA   0034H     000DH     UNIT         ?XD?ADCCFG
            XDATA   0041H     000DH     UNIT         ?XD?MODECONTROL
            XDATA   004EH     0008H     UNIT         ?XD?SELFTEST
            XDATA   0056H     0005H     UNIT         ?XD?OUTPUTCHANNEL
            XDATA   005BH     0004H     UNIT         ?XD?PWM
            XDATA   005FH     0003H     UNIT         ?XD?LEDMGMT
            XDATA   0062H     0001H     UNIT         ?XD?SIDEKEY

            * * * * * * *   C O D E   M E M O R Y   * * * * * * *
            CODE    0000H     0003H     ABSOLUTE     
            CODE    0003H     0008H     UNIT         ?PR?GETSIDEKEYHOLDEVENT?SIDEKEY
            CODE    000BH     0003H     ABSOLUTE     
            CODE    000EH     001CH     UNIT         ?PR?WDOG_INIT?WATCHDOG
                    002AH     0001H                  *** GAP ***
            CODE    002BH     0003H     ABSOLUTE     
            CODE    002EH     001AH     UNIT         ?PR?_CLICKANDHOLDEVENTHANDLER?SIDEKEY
            CODE    0048H     0003H     UNIT         ?PR?SYSTEMTELEMHANDLER?ADCCFG
            CODE    004BH     0003H     ABSOLUTE     
            CODE    004EH     07F8H     UNIT         ?C?LIB_CODE
            CODE    0846H     0444H     UNIT         ?PR?MODESWITCHFSM?MODECONTROL
            CODE    0C8AH     02CDH     UNIT         ?PR?_GPIO_CONFIGGPIOMODE?GPIO
            CODE    0F57H     0290H     UNIT         ?PR?BATTERYTELEMHANDLER?BATTVOLTDISPLAY
            CODE    11E7H     0231H     UNIT         ?PR?OUTPUTCHANNEL_TESTRUN?OUTPUTCHANNEL
            CODE    1418H     01FDH     UNIT         ?PR?BATVSHOWFSM?BATTVOLTDISPLAY
            CODE    1615H     01E2H     UNIT         ?CO?NTC
BL51 BANKED LINKER/LOCATER V6.22.2.0                                                  11/15/2024  17:31:29  PAGE 3


            CODE    17F7H     01A7H     UNIT         ?PR?THERMALCALCPROCESS?TEMPCONTROL
            CODE    199EH     017EH     UNIT         ?PR?_ADC_WRITEOUTPUTBUF?ADCCFG
            CODE    1B1CH     0120H     UNIT         ?PR?BATTVOLTDISPLAY
            CODE    1C3CH     010EH     UNIT         ?PR?_THERMALILIMCALC?TEMPCONTROL
            CODE    1D4AH     010BH     UNIT         ?PR?RAMPLOWVOLTHANDLER?MODECONTROL
            CODE    1E55H     0107H     UNIT         ?PR?ADCENGINEHANDLER?ADCCFG
            CODE    1F5CH     00F8H     UNIT         ?PR?LEDCONTROLHANDLER?LEDMGMT
            CODE    2054H     00F2H     UNIT         ?PR?OUTPUTCHANNEL_CALC?OUTPUTCHANNEL
            CODE    2146H     00EBH     UNIT         ?PR?_PEC8CHECK?RAMPCONFIG
            CODE    2231H     00E6H     UNIT         ?PR?DISPLAYVBATTATSTART?BATTVOLTDISPLAY
            CODE    2317H     00E3H     UNIT         ?PR?RAMPADJHANDLER?MODECONTROL
            CODE    23FAH     00DFH     UNIT         ?PR?_CALCNTCTEMP?NTC
            CODE    24D9H     00D9H     UNIT         ?PR?MODECONTROL
            CODE    25B2H     00CEH     UNIT         ?PR?SAVERAMPCONFIG?RAMPCONFIG
            CODE    2680H     00C1H     UNIT         ?PR?PWM_OUTPUTCTRLHANDLER?PWM
            CODE    2741H     00BCH     UNIT         ?PR?SOSFSM?MODECONTROL
            CODE    27FDH     00B8H     UNIT         ?PR?_GPIO_WRITEBIT?GPIO
            CODE    28B5H     00B7H     UNIT         ?PR?OUTPUTFAULTDETECT?SELFTEST
            CODE    296CH     00B6H     UNIT         ?PR?_DELAY_MS?DELAY
            CODE    2A22H     00B3H     UNIT         ?PR?READRAMPCONFIG?RAMPCONFIG
            CODE    2AD5H     00ADH     UNIT         ?PR?ADC_DEINIT?ADCCFG
            CODE    2B82H     00A9H     UNIT         ?PR?_ADC_READBACKRESULT?ADCCFG
            CODE    2C2BH     00A8H     UNIT         ?PR?SIDEKEY_LOGICHANDLER?SIDEKEY
            CODE    2CD3H     00A8H     UNIT         ?PR?_DUTY_CALC?OUTPUTCHANNEL
            CODE    2D7BH     00A5H     UNIT         ?PR?GPIO
            CODE    2E20H     009EH     UNIT         ?PR?ADC_INIT?ADCCFG
            CODE    2EBEH     009AH     UNIT         ?C_C51STARTUP
            CODE    2F58H     0099H     UNIT         ?PR?_GPIO_GETEXTINTMODE?GPIO
            CODE    2FF1H     0096H     UNIT         ?PR?OUTPUTCHANNEL
            CODE    3087H     008CH     UNIT         ?PR?SLEEPMGMT?SLEEP
            CODE    3113H     0087H     UNIT         ?PR?PWM_INIT?PWM
            CODE    319AH     0079H     UNIT         ?PR?DISPLAYERRORIDHANDLER?SELFTEST
            CODE    3213H     0074H     UNIT         ?PR?HOLDSWITCHGEARCMDHANDLER?MODECONTROL
            CODE    3287H     0072H     UNIT         ?PR?_GPIO_SETMUXMODE?GPIO
            CODE    32F9H     006DH     UNIT         ?PR?_SWITCHTOGEAR?MODECONTROL
            CODE    3366H     006CH     UNIT         ?PR?MODEFSMTIMHANDLER?MODECONTROL
            CODE    33D2H     006BH     UNIT         ?PR?MAIN?MAIN
            CODE    343DH     0069H     UNIT         ?PR?SIDEKEYLEDBRIADJHANDLER?MODECONTROL
            CODE    34A6H     0067H     UNIT         ?PR?SIDEKEY_INT_CALLBACK?SIDEKEY
            CODE    350DH     0064H     UNIT         ?PR?LEDMGMT_SWITCHTOPWM?LEDMGMT
            CODE    3571H     0063H     UNIT         ?CO?MODECONTROL
            CODE    35D4H     0061H     UNIT         ?PR?_BATTERYLOWALERTPROCESS?MODECONTROL
            CODE    3635H     0060H     UNIT         ?PR?MODEFSMINIT?MODECONTROL
            CODE    3695H     005EH     UNIT         ?PR?ADCCFG
            CODE    36F3H     005BH     UNIT         ?PR?_GPIO_SETEXTINTMODE?GPIO
            CODE    374EH     005BH     UNIT         ?PR?INPUTFAULTDETECT?SELFTEST
            CODE    37A9H     0057H     UNIT         ?PR?LEDMGMT_SETBRIGHTNESS?LEDMGMT
            CODE    3800H     0053H     UNIT         ?C_INITSEG
            CODE    3853H     004FH     UNIT         ?PR?_ADC_SUBMITMISSON?ADCCFG
            CODE    38A2H     004BH     UNIT         ?PR?TIMER2_IRQHANDLER?DELAY
            CODE    38EDH     0047H     UNIT         ?PR?SIDEKEYINIT?SIDEKEY
            CODE    3934H     0044H     UNIT         ?C?LDIV
            CODE    3978H     0042H     UNIT         ?PR?DISPLAYERRORTIMHANDLER?SELFTEST
            CODE    39BAH     0041H     UNIT         ?PR?MOONCONFIGHANDLER?MODECONTROL
            CODE    39FBH     003FH     UNIT         ?PR?_DELAY_US?DELAY
            CODE    3A3AH     003EH     UNIT         ?PR?KEY_IRQHANDLER?MAIN
            CODE    3A78H     003CH     UNIT         ?PR?BATTDISPLAYTIM?BATTVOLTDISPLAY
BL51 BANKED LINKER/LOCATER V6.22.2.0                                                  11/15/2024  17:31:29  PAGE 4


            CODE    3AB4H     003CH     UNIT         ?PR?RESTORETOMINIMUMRAMPCURRENT?RAMPCONFIG
            CODE    3AF0H     003AH     UNIT         ?PR?_MAKEFASTSTROBE?LEDMGMT
            CODE    3B2AH     003AH     UNIT         ?PR?OUTPUTCHANNEL_INIT?OUTPUTCHANNEL
            CODE    3B64H     0037H     UNIT         ?PR?PWM_FORCESETDUTY?PWM
            CODE    3B9BH     0034H     UNIT         ?PR?OBTAINMOONCURRENT?MODECONTROL
            CODE    3BCFH     0032H     UNIT         ?PR?SIDEKEY_TIM_CALLBACK?SIDEKEY
            CODE    3C01H     0032H     UNIT         ?PR?SETLEDONOFF?LEDMGMT
            CODE    3C33H     002FH     UNIT         ?PR?_PRESENTLIM?TEMPCONTROL
            CODE    3C62H     002EH     UNIT         ?PR?RAMPCONFIG
            CODE    3C90H     002CH     UNIT         ?PR?_GPIO_CHECKIFINTENABLED?GPIO
            CODE    3CBCH     002CH     UNIT         ?PR?SYSTEMPERIPHERALCTRL?SLEEP
            CODE    3CE8H     002BH     UNIT         ?PR?TEMPCONTROL
            CODE    3D13H     002BH     UNIT         ?PR?SELFTEST
            CODE    3D3EH     0028H     UNIT         ?PR?LED_INIT?LEDMGMT
            CODE    3D66H     0027H     UNIT         ?PR?SETSYSTEMHBTIMER?DELAY
            CODE    3D8DH     0023H     UNIT         ?PR?CHECKIFHBTIMISREADY?DELAY
            CODE    3DB0H     0023H     UNIT         ?PR?PWM_DEINIT?PWM
            CODE    3DD3H     0022H     UNIT         ?PR?_GPIO_DISABLEINT?GPIO
            CODE    3DF5H     0022H     UNIT         ?PR?NTC
            CODE    3E17H     0021H     UNIT         ?PR?CHECKNTCSTATUS?TEMPCONTROL
            CODE    3E38H     0020H     UNIT         ?PR?MARKASKEYPRESSED?SIDEKEY
            CODE    3E58H     001FH     UNIT         ?PR?GETSIDEKEYSHORTPRESSCOUNT?SIDEKEY
            CODE    3E77H     001EH     UNIT         ?PR?_GPIO_ENABLEINT?GPIO
            CODE    3E95H     0019H     UNIT         ?PR?GETIFWDOGCAUSERST?WATCHDOG
            CODE    3EAEH     0019H     UNIT         ?PR?RETURNTOOFFSTATE?MODECONTROL
            CODE    3EC7H     0017H     UNIT         ?PR?ADC_SETVREF?ADCCFG
            CODE    3EDEH     0015H     UNIT         ?PR?DELAY_INIT?DELAY
            CODE    3EF3H     0014H     UNIT         ?PR?ISKEYEVENTOCCURRED?SIDEKEY
            CODE    3F07H     0014H     UNIT         ?CO?OUTPUTCHANNEL
            CODE    3F1BH     0012H     UNIT         ?PR?_DETECTIFNEEDSOFF?MODECONTROL
            CODE    3F2DH     0010H     UNIT         ?PR?WDOG_DEINIT?WATCHDOG
            CODE    3F3DH     0010H     UNIT         ?PR?WDOG_FEED?WATCHDOG
            CODE    3F4DH     0010H     UNIT         ?PR?_SIDEKEYSWITCHGEARHANDLER?MODECONTROL
            CODE    3F5DH     0010H     UNIT         ?PR?_SIDEKEY1HREVGEARHANDLER?MODECONTROL
            CODE    3F6DH     000FH     UNIT         ?PR?PWM
            CODE    3F7CH     000FH     UNIT         ?CO?RAMPCONFIG
            CODE    3F8BH     000BH     UNIT         ?PR?GETSIDEKEYLONGPRESSEVENT?SIDEKEY
            CODE    3F96H     000AH     UNIT         ?PR?LEDMGMT
            CODE    3FA0H     0009H     UNIT         ?PR?TRIGGERVSHOWDISPLAY?BATTVOLTDISPLAY
            CODE    3FA9H     0008H     UNIT         ?PR?GETSIDEKEYCLICKANDHOLDEVENT?SIDEKEY
            CODE    3FB1H     0008H     UNIT         ?PR?SIDEKEY
            CODE    3FB9H     0007H     UNIT         ?PR?OUTPUTCHANNEL_DEINIT?OUTPUTCHANNEL
            CODE    3FC0H     0006H     UNIT         ?PR?TIMER0_IRQHANDLER?DELAY
            CODE    3FC6H     0004H     UNIT         ?CO?ADCCFG



OVERLAY MAP OF MODULE:   .\Objects\XRLite (?C_STARTUP)


SEGMENT                                             BIT_GROUP          DATA_GROUP          XDATA_GROUP
  +--> CALLED SEGMENT                            START    LENGTH     START    LENGTH     START    LENGTH
--------------------------------------------------------------------------------------------------------
?C_C51STARTUP                                    -----    -----      -----    -----      -----    -----
  +--> ?PR?MAIN?MAIN
  +--> ?C_INITSEG

BL51 BANKED LINKER/LOCATER V6.22.2.0                                                  11/15/2024  17:31:29  PAGE 5


?PR?MAIN?MAIN                                    -----    -----      -----    -----      -----    -----
  +--> ?PR?DELAY_INIT?DELAY
  +--> ?PR?SETSYSTEMHBTIMER?DELAY
  +--> ?PR?CHECKIFHBTIMISREADY?DELAY
  +--> ?PR?LED_INIT?LEDMGMT
  +--> ?PR?ADC_INIT?ADCCFG
  +--> ?PR?CHECKNTCSTATUS?TEMPCONTROL
  +--> ?PR?MODEFSMINIT?MODECONTROL
  +--> ?PR?SIDEKEYINIT?SIDEKEY
  +--> ?PR?PWM_INIT?PWM
  +--> ?PR?OUTPUTCHANNEL_INIT?OUTPUTCHANNEL
  +--> ?PR?OUTPUTCHANNEL_TESTRUN?OUTPUTCHANNEL
  +--> ?PR?DISPLAYVBATTATSTART?BATTVOLTDISPLAY
  +--> ?PR?LEDMGMT_SWITCHTOPWM?LEDMGMT
  +--> ?PR?WDOG_INIT?WATCHDOG
  +--> ?PR?SYSTEMTELEMHANDLER?ADCCFG
  +--> ?PR?SIDEKEY_LOGICHANDLER?SIDEKEY
  +--> ?PR?BATTERYTELEMHANDLER?BATTVOLTDISPLAY
  +--> ?PR?MODESWITCHFSM?MODECONTROL
  +--> ?PR?THERMALCALCPROCESS?TEMPCONTROL
  +--> ?PR?OUTPUTCHANNEL_CALC?OUTPUTCHANNEL
  +--> ?PR?PWM_OUTPUTCTRLHANDLER?PWM
  +--> ?PR?WDOG_FEED?WATCHDOG
  +--> ?PR?BATTDISPLAYTIM?BATTVOLTDISPLAY
  +--> ?PR?LEDCONTROLHANDLER?LEDMGMT
  +--> ?PR?MODEFSMTIMHANDLER?MODECONTROL
  +--> ?PR?HOLDSWITCHGEARCMDHANDLER?MODECONTROL
  +--> ?PR?DISPLAYERRORTIMHANDLER?SELFTEST
  +--> ?PR?MOONCONFIGHANDLER?MODECONTROL
  +--> ?PR?OUTPUTFAULTDETECT?SELFTEST
  +--> ?PR?INPUTFAULTDETECT?SELFTEST
  +--> ?PR?SLEEPMGMT?SLEEP

?PR?SETSYSTEMHBTIMER?DELAY                       0020H.7  0000H.1    -----    -----      -----    -----

?PR?CHECKIFHBTIMISREADY?DELAY                    -----    -----      0023H    0002H      -----    -----
  +--> ?PR?_DELAY_MS?DELAY

?PR?_DELAY_MS?DELAY                              -----    -----      002FH    0008H      -----    -----

?PR?LED_INIT?LEDMGMT                             -----    -----      0025H    0003H      -----    -----
  +--> ?PR?_GPIO_CONFIGGPIOMODE?GPIO

?PR?_GPIO_CONFIGGPIOMODE?GPIO                    -----    -----      0028H    000BH      -----    -----
  +--> ?PR?GPIO

?PR?ADC_INIT?ADCCFG                              -----    -----      0025H    0003H      -----    -----
  +--> ?PR?_GPIO_CONFIGGPIOMODE?GPIO
  +--> ?PR?_GPIO_SETMUXMODE?GPIO
  +--> ?PR?_GPIO_WRITEBIT?GPIO
  +--> ?PR?ADCCFG
  +--> ?PR?SYSTEMTELEMHANDLER?ADCCFG

?PR?_GPIO_SETMUXMODE?GPIO                        -----    -----      0028H    0002H      -----    -----
  +--> ?PR?GPIO

?PR?_GPIO_WRITEBIT?GPIO                          0020H.7  0000H.1    -----    -----      -----    -----
BL51 BANKED LINKER/LOCATER V6.22.2.0                                                  11/15/2024  17:31:29  PAGE 6


  +--> ?PR?GPIO

?PR?SYSTEMTELEMHANDLER?ADCCFG                    -----    -----      -----    -----      -----    -----
  +--> ?PR?ADCENGINEHANDLER?ADCCFG

?PR?ADCENGINEHANDLER?ADCCFG                      -----    -----      0028H    0005H      -----    -----
  +--> ?PR?ADC_SETVREF?ADCCFG
  +--> ?CO?ADCCFG
  +--> ?PR?ADCCFG
  +--> ?PR?_ADC_SUBMITMISSON?ADCCFG
  +--> ?PR?_ADC_READBACKRESULT?ADCCFG
  +--> ?PR?_ADC_WRITEOUTPUTBUF?ADCCFG

?PR?ADC_SETVREF?ADCCFG                           0020H.7  0000H.1    -----    -----      -----    -----

?PR?_ADC_SUBMITMISSON?ADCCFG                     -----    -----      -----    -----      -----    -----
  +--> ?PR?ADCCFG
  +--> ?PR?_DELAY_US?DELAY

?PR?_DELAY_US?DELAY                              0020H.7  0000H.1    -----    -----      -----    -----

?PR?_ADC_READBACKRESULT?ADCCFG                   -----    -----      002DH    0006H      -----    -----

?PR?_ADC_WRITEOUTPUTBUF?ADCCFG                   -----    -----      002DH    000FH      -----    -----
  +--> ?PR?ADCCFG
  +--> ?PR?_CALCNTCTEMP?NTC

?PR?_CALCNTCTEMP?NTC                             -----    -----      003CH    000DH      -----    -----
  +--> ?PR?NTC
  +--> ?CO?NTC

?PR?CHECKNTCSTATUS?TEMPCONTROL                   -----    -----      0023H    0001H      -----    -----
  +--> ?PR?_DELAY_MS?DELAY
  +--> ?PR?SYSTEMTELEMHANDLER?ADCCFG
  +--> ?PR?LEDCONTROLHANDLER?LEDMGMT

?PR?LEDCONTROLHANDLER?LEDMGMT                    0020H.6  0000H.3    -----    -----      -----    -----
  +--> ?PR?LEDMGMT
  +--> ?PR?SETLEDONOFF?LEDMGMT

?PR?SETLEDONOFF?LEDMGMT                          0021H.1  0000H.2    -----    -----      -----    -----

?PR?MODEFSMINIT?MODECONTROL                      -----    -----      -----    -----      -----    -----
  +--> ?PR?MODECONTROL
  +--> ?CO?MODECONTROL
  +--> ?PR?READRAMPCONFIG?RAMPCONFIG

?PR?READRAMPCONFIG?RAMPCONFIG                    -----    -----      0023H    0009H      -----    -----
  +--> ?PR?RAMPCONFIG
  +--> ?PR?_PEC8CHECK?RAMPCONFIG
  +--> ?CO?MODECONTROL
  +--> ?PR?SAVERAMPCONFIG?RAMPCONFIG

?PR?_PEC8CHECK?RAMPCONFIG                        -----    -----      003CH    0010H      -----    -----
  +--> ?PR?RAMPCONFIG
  +--> ?CO?RAMPCONFIG

BL51 BANKED LINKER/LOCATER V6.22.2.0                                                  11/15/2024  17:31:29  PAGE 7


?PR?SAVERAMPCONFIG?RAMPCONFIG                    0021H.0  0000H.1    002CH    0010H      -----    -----
  +--> ?PR?RAMPCONFIG
  +--> ?PR?_PEC8CHECK?RAMPCONFIG

?PR?SIDEKEYINIT?SIDEKEY                          -----    -----      0023H    0003H      -----    -----
  +--> ?PR?_GPIO_SETMUXMODE?GPIO
  +--> ?PR?_GPIO_CONFIGGPIOMODE?GPIO
  +--> ?PR?_GPIO_ENABLEINT?GPIO
  +--> ?PR?_GPIO_SETEXTINTMODE?GPIO

?PR?_GPIO_SETEXTINTMODE?GPIO                     -----    -----      0026H    0002H      -----    -----
  +--> ?PR?GPIO

?PR?PWM_INIT?PWM                                 -----    -----      0025H    0003H      -----    -----
  +--> ?PR?_GPIO_WRITEBIT?GPIO
  +--> ?PR?_GPIO_CONFIGGPIOMODE?GPIO
  +--> ?PR?_GPIO_SETMUXMODE?GPIO

?PR?OUTPUTCHANNEL_INIT?OUTPUTCHANNEL             -----    -----      0025H    0003H      -----    -----
  +--> ?PR?OUTPUTCHANNEL
  +--> ?PR?_GPIO_CONFIGGPIOMODE?GPIO

?PR?OUTPUTCHANNEL_TESTRUN?OUTPUTCHANNEL          -----    -----      0023H    0004H      0000H    001CH
  +--> ?CO?OUTPUTCHANNEL
  +--> ?PR?GETIFWDOGCAUSERST?WATCHDOG
  +--> ?PR?OUTPUTCHANNEL
  +--> ?PR?PWM_FORCESETDUTY?PWM
  +--> ?PR?_DELAY_MS?DELAY
  +--> ?PR?SYSTEMTELEMHANDLER?ADCCFG
  +--> ?PR?_SWITCHTOGEAR?MODECONTROL

?PR?PWM_FORCESETDUTY?PWM                         0020H.6  0000H.1    -----    -----      -----    -----

?PR?_SWITCHTOGEAR?MODECONTROL                    -----    -----      0028H    0004H      -----    -----
  +--> ?PR?MODECONTROL
  +--> ?CO?MODECONTROL

?PR?DISPLAYVBATTATSTART?BATTVOLTDISPLAY          -----    -----      0023H    0005H      -----    -----
  +--> ?PR?_GPIO_SETMUXMODE?GPIO
  +--> ?PR?_DELAY_MS?DELAY
  +--> ?PR?SYSTEMTELEMHANDLER?ADCCFG
  +--> ?PR?BATTVOLTDISPLAY
  +--> ?PR?_MAKEFASTSTROBE?LEDMGMT
  +--> ?PR?_GPIO_CONFIGGPIOMODE?GPIO

?PR?_MAKEFASTSTROBE?LEDMGMT                      0020H.6  0000H.2    -----    -----      -----    -----
  +--> ?PR?SETLEDONOFF?LEDMGMT
  +--> ?PR?_DELAY_MS?DELAY

?PR?LEDMGMT_SWITCHTOPWM?LEDMGMT                  -----    -----      -----    -----      -----    -----
  +--> ?PR?_GPIO_SETMUXMODE?GPIO
  +--> ?PR?LEDMGMT_SETBRIGHTNESS?LEDMGMT

?PR?SIDEKEY_LOGICHANDLER?SIDEKEY                 -----    -----      -----    -----      -----    -----
  +--> ?PR?_GPIO_CHECKIFINTENABLED?GPIO
  +--> ?PR?_GPIO_SETEXTINTMODE?GPIO
  +--> ?PR?_GPIO_ENABLEINT?GPIO
BL51 BANKED LINKER/LOCATER V6.22.2.0                                                  11/15/2024  17:31:29  PAGE 8


  +--> ?PR?SIDEKEY
  +--> ?PR?_CLICKANDHOLDEVENTHANDLER?SIDEKEY

?PR?BATTERYTELEMHANDLER?BATTVOLTDISPLAY          -----    -----      0025H    0008H      -----    -----
  +--> ?PR?BATTVOLTDISPLAY
  +--> ?PR?DISPLAYERRORIDHANDLER?SELFTEST
  +--> ?PR?BATVSHOWFSM?BATTVOLTDISPLAY

?PR?BATVSHOWFSM?BATTVOLTDISPLAY                  -----    -----      002DH    0002H      -----    -----
  +--> ?PR?BATTVOLTDISPLAY
  +--> ?PR?_MAKEFASTSTROBE?LEDMGMT
  +--> ?PR?GETSIDEKEYCLICKANDHOLDEVENT?SIDEKEY

?PR?MODESWITCHFSM?MODECONTROL                    0020H.6  0000H.1    0023H    0002H      0000H    0004H
  +--> ?PR?GETSIDEKEYLONGPRESSEVENT?SIDEKEY
  +--> ?PR?GETSIDEKEYSHORTPRESSCOUNT?SIDEKEY
  +--> ?PR?MODECONTROL
  +--> ?PR?ISKEYEVENTOCCURRED?SIDEKEY
  +--> ?PR?GETSIDEKEYHOLDEVENT?SIDEKEY
  +--> ?PR?SAVERAMPCONFIG?RAMPCONFIG
  +--> ?PR?GETSIDEKEYCLICKANDHOLDEVENT?SIDEKEY
  +--> ?PR?TRIGGERVSHOWDISPLAY?BATTVOLTDISPLAY
  +--> ?PR?_BATTERYLOWALERTPROCESS?MODECONTROL
  +--> ?PR?RETURNTOOFFSTATE?MODECONTROL
  +--> ?PR?SIDEKEYLEDBRIADJHANDLER?MODECONTROL
  +--> ?PR?_SWITCHTOGEAR?MODECONTROL
  +--> ?PR?RESTORETOMINIMUMRAMPCURRENT?RAMPC...
  +--> ?PR?RAMPLOWVOLTHANDLER?MODECONTROL
  +--> ?PR?RAMPADJHANDLER?MODECONTROL
  +--> ?PR?_SIDEKEYSWITCHGEARHANDLER?MODECON...
  +--> ?PR?_SIDEKEY1HREVGEARHANDLER?MODECONTROL
  +--> ?PR?SOSFSM?MODECONTROL
  +--> ?PR?OBTAINMOONCURRENT?MODECONTROL
  +--> ?PR?_THERMALILIMCALC?TEMPCONTROL
  +--> ?PR?_DETECTIFNEEDSOFF?MODECONTROL

?PR?GETSIDEKEYSHORTPRESSCOUNT?SIDEKEY            0020H.7  0000H.1    -----    -----      -----    -----
  +--> ?PR?SIDEKEY

?PR?_BATTERYLOWALERTPROCESS?MODECONTROL          -----    -----      0025H    0003H      -----    -----
  +--> ?PR?MODECONTROL
  +--> ?PR?RETURNTOOFFSTATE?MODECONTROL
  +--> ?PR?_SWITCHTOGEAR?MODECONTROL

?PR?RETURNTOOFFSTATE?MODECONTROL                 -----    -----      -----    -----      -----    -----
  +--> ?PR?MODECONTROL
  +--> ?PR?_SWITCHTOGEAR?MODECONTROL

?PR?SIDEKEYLEDBRIADJHANDLER?MODECONTROL          -----    -----      -----    -----      -----    -----
  +--> ?PR?LEDMGMT_SETBRIGHTNESS?LEDMGMT

?PR?RESTORETOMINIMUMRAMPCURRENT?RAMPC...         -----    -----      -----    -----      -----    -----
  +--> ?CO?MODECONTROL
  +--> ?PR?RAMPCONFIG

?PR?RAMPLOWVOLTHANDLER?MODECONTROL               -----    -----      0025H    0001H      -----    -----
  +--> ?PR?MODECONTROL
BL51 BANKED LINKER/LOCATER V6.22.2.0                                                  11/15/2024  17:31:29  PAGE 9


  +--> ?PR?RETURNTOOFFSTATE?MODECONTROL

?PR?RAMPADJHANDLER?MODECONTROL                   0020H.7  0000H.1    0025H    0002H      -----    -----
  +--> ?PR?GETSIDEKEYCLICKANDHOLDEVENT?SIDEKEY
  +--> ?PR?GETSIDEKEYHOLDEVENT?SIDEKEY
  +--> ?PR?MODECONTROL
  +--> ?PR?SAVERAMPCONFIG?RAMPCONFIG

?PR?_SIDEKEYSWITCHGEARHANDLER?MODECON...         -----    -----      -----    -----      -----    -----
  +--> ?PR?MODECONTROL
  +--> ?PR?_SWITCHTOGEAR?MODECONTROL

?PR?_SIDEKEY1HREVGEARHANDLER?MODECONTROL         -----    -----      -----    -----      -----    -----
  +--> ?PR?MODECONTROL
  +--> ?PR?_SWITCHTOGEAR?MODECONTROL

?PR?SOSFSM?MODECONTROL                           -----    -----      0025H    0002H      -----    -----
  +--> ?PR?MODECONTROL

?PR?OBTAINMOONCURRENT?MODECONTROL                -----    -----      -----    -----      -----    -----
  +--> ?PR?MODECONTROL

?PR?_THERMALILIMCALC?TEMPCONTROL                 -----    -----      0025H    000EH      -----    -----
  +--> ?PR?TEMPCONTROL
  +--> ?PR?_PRESENTLIM?TEMPCONTROL

?PR?_PRESENTLIM?TEMPCONTROL                      -----    -----      0033H    0004H      -----    -----
  +--> ?PR?TEMPCONTROL

?PR?_DETECTIFNEEDSOFF?MODECONTROL                -----    -----      -----    -----      -----    -----
  +--> ?PR?GETSIDEKEYHOLDEVENT?SIDEKEY
  +--> ?PR?RETURNTOOFFSTATE?MODECONTROL

?PR?THERMALCALCPROCESS?TEMPCONTROL               -----    -----      -----    -----      -----    -----
  +--> ?PR?TEMPCONTROL
  +--> ?PR?_SWITCHTOGEAR?MODECONTROL

?PR?OUTPUTCHANNEL_CALC?OUTPUTCHANNEL             -----    -----      -----    -----      -----    -----
  +--> ?PR?OUTPUTCHANNEL
  +--> ?PR?_DUTY_CALC?OUTPUTCHANNEL

?PR?_DUTY_CALC?OUTPUTCHANNEL                     -----    -----      0023H    000EH      -----    -----
  +--> ?PR?OUTPUTCHANNEL

?PR?PWM_OUTPUTCTRLHANDLER?PWM                    -----    -----      0023H    0004H      -----    -----
  +--> ?PR?PWM

?PR?BATTDISPLAYTIM?BATTVOLTDISPLAY               -----    -----      -----    -----      -----    -----
  +--> ?PR?BATTVOLTDISPLAY

?PR?MODEFSMTIMHANDLER?MODECONTROL                -----    -----      -----    -----      -----    -----
  +--> ?PR?MODECONTROL

?PR?HOLDSWITCHGEARCMDHANDLER?MODECONTROL         -----    -----      0023H    0001H      -----    -----
  +--> ?PR?GETSIDEKEYHOLDEVENT?SIDEKEY
  +--> ?PR?MODECONTROL
  +--> ?PR?GETSIDEKEYCLICKANDHOLDEVENT?SIDEKEY
BL51 BANKED LINKER/LOCATER V6.22.2.0                                                  11/15/2024  17:31:29  PAGE 10



?PR?MOONCONFIGHANDLER?MODECONTROL                -----    -----      -----    -----      -----    -----
  +--> ?PR?MODECONTROL

?PR?OUTPUTFAULTDETECT?SELFTEST                   -----    -----      0023H    0001H      -----    -----
  +--> ?PR?SELFTEST
  +--> ?PR?_SWITCHTOGEAR?MODECONTROL

?PR?INPUTFAULTDETECT?SELFTEST                    -----    -----      -----    -----      -----    -----
  +--> ?PR?SELFTEST
  +--> ?PR?_SWITCHTOGEAR?MODECONTROL

?PR?SLEEPMGMT?SLEEP                              -----    -----      0023H    0002H      -----    -----
  +--> ?PR?SYSTEMPERIPHERALCTRL?SLEEP
  +--> ?PR?DELAY_INIT?DELAY
  +--> ?PR?SETSYSTEMHBTIMER?DELAY
  +--> ?PR?MARKASKEYPRESSED?SIDEKEY
  +--> ?PR?_DELAY_MS?DELAY
  +--> ?PR?SIDEKEY_LOGICHANDLER?SIDEKEY
  +--> ?PR?ISKEYEVENTOCCURRED?SIDEKEY
  +--> ?PR?SYSTEMTELEMHANDLER?ADCCFG
  +--> ?PR?BATTERYTELEMHANDLER?BATTVOLTDISPLAY

?PR?SYSTEMPERIPHERALCTRL?SLEEP                   0020H.6  0000H.1    -----    -----      -----    -----
  +--> ?PR?LED_INIT?LEDMGMT
  +--> ?PR?ADC_INIT?ADCCFG
  +--> ?PR?PWM_INIT?PWM
  +--> ?PR?OUTPUTCHANNEL_INIT?OUTPUTCHANNEL
  +--> ?PR?LEDMGMT_SWITCHTOPWM?LEDMGMT
  +--> ?PR?WDOG_INIT?WATCHDOG
  +--> ?PR?WDOG_DEINIT?WATCHDOG
  +--> ?PR?SETSYSTEMHBTIMER?DELAY
  +--> ?PR?PWM_DEINIT?PWM
  +--> ?PR?ADC_DEINIT?ADCCFG
  +--> ?PR?OUTPUTCHANNEL_DEINIT?OUTPUTCHANNEL

?PR?PWM_DEINIT?PWM                               -----    -----      -----    -----      -----    -----
  +--> ?PR?_GPIO_SETMUXMODE?GPIO
  +--> ?PR?_GPIO_WRITEBIT?GPIO

?PR?ADC_DEINIT?ADCCFG                            -----    -----      0025H    0003H      -----    -----
  +--> ?PR?ADCCFG
  +--> ?PR?_GPIO_SETMUXMODE?GPIO
  +--> ?PR?_GPIO_CONFIGGPIOMODE?GPIO
  +--> ?PR?_GPIO_WRITEBIT?GPIO

?PR?OUTPUTCHANNEL_DEINIT?OUTPUTCHANNEL           -----    -----      -----    -----      -----    -----
  +--> ?PR?OUTPUTCHANNEL

?PR?MARKASKEYPRESSED?SIDEKEY                     -----    -----      -----    -----      -----    -----
  +--> ?PR?_GPIO_DISABLEINT?GPIO

*** NEW ROOT ***************************************************

?PR?KEY_IRQHANDLER?MAIN                          -----    -----      -----    -----      -----    -----
  +--> ?PR?SIDEKEY_INT_CALLBACK?SIDEKEY

BL51 BANKED LINKER/LOCATER V6.22.2.0                                                  11/15/2024  17:31:29  PAGE 11


?PR?SIDEKEY_INT_CALLBACK?SIDEKEY                 -----    -----      -----    -----      -----    -----
  +--> ?PR?_GPIO_GETEXTINTMODE?GPIO
  +--> ?PR?SIDEKEY
  +--> ?PR?_GPIO_DISABLEINT?GPIO

?PR?_GPIO_GETEXTINTMODE?GPIO                     -----    -----      -----    -----      -----    -----
  +--> ?PR?GPIO

*** NEW ROOT ***************************************************

?PR?TIMER2_IRQHANDLER?DELAY                      -----    -----      -----    -----      -----    -----
  +--> ?PR?SIDEKEY_TIM_CALLBACK?SIDEKEY



SYMBOL TABLE OF MODULE:  .\Objects\XRLite (?C_STARTUP)

  VALUE           TYPE          NAME
  ----------------------------------

  -------         MODULE        ?C_STARTUP
  C:2EBEH         SEGMENT       ?C_C51STARTUP
  I:0064H         SEGMENT       ?STACK
  C:0000H         PUBLIC        ?C_STARTUP
  D:00E0H         SYMBOL        ACC
  D:00F0H         SYMBOL        B
  D:0083H         SYMBOL        DPH
  D:0082H         SYMBOL        DPL
  N:0000H         SYMBOL        IBPSTACK
  N:0100H         SYMBOL        IBPSTACKTOP
  N:0100H         SYMBOL        IDATALEN
  C:2EC1H         SYMBOL        IDATALOOP
  N:0000H         SYMBOL        PBPSTACK
  N:0100H         SYMBOL        PBPSTACKTOP
  N:0000H         SYMBOL        PDATALEN
  N:0000H         SYMBOL        PDATASTART
  N:0000H         SYMBOL        PPAGE
  N:0000H         SYMBOL        PPAGEENABLE
  D:00A0H         SYMBOL        PPAGE_SFR
  D:0081H         SYMBOL        SP
  C:2EBEH         SYMBOL        STARTUP1
  N:0000H         SYMBOL        XBPSTACK
  N:0000H         SYMBOL        XBPSTACKTOP
  N:0400H         SYMBOL        XDATALEN
  C:2ECCH         SYMBOL        XDATALOOP
  N:0000H         SYMBOL        XDATASTART
  C:0000H         LINE#         126
  C:2EBEH         LINE#         133
  C:2EC0H         LINE#         134
  C:2EC1H         LINE#         135
  C:2EC2H         LINE#         136
  C:2EC4H         LINE#         140
  C:2EC7H         LINE#         141
  C:2EC9H         LINE#         145
  C:2ECBH         LINE#         147
  C:2ECCH         LINE#         148
  C:2ECDH         LINE#         149
BL51 BANKED LINKER/LOCATER V6.22.2.0                                                  11/15/2024  17:31:29  PAGE 12


  C:2ECEH         LINE#         150
  C:2ED0H         LINE#         151
  C:2ED2H         LINE#         185
  C:2ED5H         LINE#         196
  -------         ENDMOD        ?C_STARTUP

  -------         MODULE        MAIN
  C:0000H         SYMBOL        _ICE_DUMMY_
  D:0080H         PUBLIC        P0
  D:0090H         PUBLIC        P1
  D:00A0H         PUBLIC        P2
  D:00B0H         PUBLIC        P3
  D:00B6H         PUBLIC        P2EXTIF
  D:00A8H         PUBLIC        IE
  D:00B8H         PUBLIC        IP
  C:33D2H         PUBLIC        main
  D:0088H         PUBLIC        TCON
  C:3A3AH         PUBLIC        Key_IRQHandler
  D:0098H         PUBLIC        SCON0
  D:00C8H         PUBLIC        T2CON
  D:00D0H         PUBLIC        PSW
  -------         PROC          MAIN
  C:33D2H         LINE#         23
  C:33D2H         LINE#         24
  C:33D2H         LINE#         26
  C:33D5H         LINE#         27
  C:33DAH         LINE#         29
  C:33DDH         LINE#         30
  C:33E0H         LINE#         31
  C:33E3H         LINE#         32
  C:33E6H         LINE#         33
  C:33E9H         LINE#         34
  C:33ECH         LINE#         35
  C:33EFH         LINE#         36
  C:33F2H         LINE#         37
  C:33F5H         LINE#         38
  C:33F8H         LINE#         39
  C:33FBH         LINE#         40
  C:33FEH         LINE#         41
  C:3403H         LINE#         43
  C:3403H         LINE#         44
  C:3403H         LINE#         46
  C:3406H         LINE#         47
  C:3409H         LINE#         48
  C:340CH         LINE#         49
  C:340FH         LINE#         50
  C:3412H         LINE#         51
  C:3415H         LINE#         52
  C:3418H         LINE#         54
  C:341BH         LINE#         55
  C:341DH         LINE#         56
  C:3420H         LINE#         57
  C:3423H         LINE#         58
  C:3426H         LINE#         59
  C:3429H         LINE#         60
  C:342CH         LINE#         61
  C:342FH         LINE#         62
BL51 BANKED LINKER/LOCATER V6.22.2.0                                                  11/15/2024  17:31:29  PAGE 13


  C:3432H         LINE#         63
  C:3435H         LINE#         64
  C:3438H         LINE#         65
  C:343BH         LINE#         66
  -------         ENDPROC       MAIN
  -------         PROC          KEY_IRQHANDLER
  C:3A3AH         LINE#         70
  C:3A57H         LINE#         73
  C:3A5AH         LINE#         74
  C:3A5DH         LINE#         75
  -------         ENDPROC       KEY_IRQHANDLER
  -------         ENDMOD        MAIN

  -------         MODULE        GPIO
  C:0000H         SYMBOL        _ICE_DUMMY_
  C:3C90H         PUBLIC        _GPIO_CheckIfIntEnabled
  D:0080H         PUBLIC        P0
  D:0090H         PUBLIC        P1
  D:00ACH         PUBLIC        P0EXTIE
  D:00A0H         PUBLIC        P2
  D:00B0H         PUBLIC        P3
  D:00ADH         PUBLIC        P1EXTIE
  D:00AEH         PUBLIC        P2EXTIE
  D:00AFH         PUBLIC        P3EXTIE
  C:3E77H         PUBLIC        _GPIO_EnableInt
  D:00A8H         PUBLIC        IE
  D:00B8H         PUBLIC        IP
  C:2F58H         PUBLIC        _GPIO_GetExtIntMode
  C:0C8AH         PUBLIC        _GPIO_ConfigGPIOMode
  C:36F3H         PUBLIC        _GPIO_SetExtIntMode
  D:0088H         PUBLIC        TCON
  C:27FDH         PUBLIC        _GPIO_WriteBit
  C:3287H         PUBLIC        _GPIO_SetMUXMode
  D:009AH         PUBLIC        P0TRIS
  D:00A1H         PUBLIC        P1TRIS
  D:00A2H         PUBLIC        P2TRIS
  D:00A3H         PUBLIC        P3TRIS
  D:0098H         PUBLIC        SCON0
  D:00C8H         PUBLIC        T2CON
  C:3DD3H         PUBLIC        _GPIO_DisableInt
  D:00D0H         PUBLIC        PSW
  C:2D7BH         SYMBOL        Com00C1
  C:2D7BH         SYMBOL        L?0194
  C:2D7BH         SYMBOL        L?0195
  C:2D7FH         SYMBOL        L?0196
  C:2D87H         SYMBOL        L?0197
  C:2D87H         SYMBOL        L?0198
  C:2D9CH         SYMBOL        L?0199
  C:2D9CH         SYMBOL        L?0200
  C:2DA8H         SYMBOL        L?0201
  C:2DA8H         SYMBOL        L?0202
  C:2DAAH         SYMBOL        L?0203
  C:2DB1H         SYMBOL        L?0204
  C:2DB1H         SYMBOL        L?0205
  C:2DBAH         SYMBOL        L?0206
  C:2DBAH         SYMBOL        L?0207
  C:2DC3H         SYMBOL        L?0208
BL51 BANKED LINKER/LOCATER V6.22.2.0                                                  11/15/2024  17:31:29  PAGE 14


  C:2DC3H         SYMBOL        L?0209
  C:2DCEH         SYMBOL        L?0210
  C:2DDEH         SYMBOL        L?0211
  C:2DDEH         SYMBOL        L?0212
  C:2DE6H         SYMBOL        L?0213
  C:2DE6H         SYMBOL        L?0214
  C:2DEEH         SYMBOL        L?0215
  C:2DEEH         SYMBOL        L?0216
  C:2DF5H         SYMBOL        L?0217
  C:2DF5H         SYMBOL        L?0218
  C:2DFCH         SYMBOL        L?0219
  C:2DFCH         SYMBOL        L?0220
  C:2E03H         SYMBOL        L?0221
  C:2E03H         SYMBOL        L?0222
  C:2E0AH         SYMBOL        L?0223
  C:2E0AH         SYMBOL        L?0224
  C:2E12H         SYMBOL        L?0225
  C:2E12H         SYMBOL        L?0226
  C:2E19H         SYMBOL        L?0227
  C:2E19H         SYMBOL        L?0228
  -------         PROC          COM00C1
  -------         ENDPROC       COM00C1
  -------         PROC          _GPIO_CONFIGGPIOMODE
  D:0028H         SYMBOL        Port
  D:0005H         SYMBOL        PinMSK
  D:0001H         SYMBOL        Cfg
  -------         DO            
  D:0029H         SYMBOL        TRISMSK
  D:002BH         SYMBOL        ODMSK
  D:002DH         SYMBOL        UPMSK
  D:002FH         SYMBOL        RDMSK
  D:0006H         SYMBOL        DRMSK
  D:0031H         SYMBOL        SRMSK
  -------         ENDDO         
  C:0C8AH         LINE#         77
  C:0C8CH         LINE#         78
  C:0C8CH         LINE#         82
  C:0CA0H         LINE#         83
  C:0CA0H         LINE#         84
  C:0CA0H         LINE#         85
  C:0CA0H         LINE#         86
  C:0CA0H         LINE#         87
  C:0CA3H         LINE#         88
  C:0CA6H         LINE#         89
  C:0CA8H         LINE#         90
  C:0CA8H         LINE#         91
  C:0CA8H         LINE#         92
  C:0CA8H         LINE#         93
  C:0CB4H         LINE#         94
  C:0CBCH         LINE#         95
  C:0CBEH         LINE#         96
  C:0CBEH         LINE#         97
  C:0CBEH         LINE#         98
  C:0CBEH         LINE#         99
  C:0CCAH         LINE#         100
  C:0CD4H         LINE#         101
  C:0CD6H         LINE#         102
BL51 BANKED LINKER/LOCATER V6.22.2.0                                                  11/15/2024  17:31:29  PAGE 15


  C:0CD6H         LINE#         103
  C:0CD6H         LINE#         104
  C:0CD7H         LINE#         105
  C:0CDDH         LINE#         106
  C:0CE7H         LINE#         107
  C:0CFCH         LINE#         108
  C:0CFCH         LINE#         109
  C:0D14H         LINE#         110
  C:0D28H         LINE#         112
  C:0D43H         LINE#         113
  C:0D43H         LINE#         114
  C:0D43H         LINE#         115
  C:0D56H         LINE#         116
  C:0D6EH         LINE#         117
  C:0D83H         LINE#         118
  C:0D98H         LINE#         119
  C:0DAEH         LINE#         120
  C:0DC5H         LINE#         121
  C:0DC6H         LINE#         122
  C:0DC6H         LINE#         123
  C:0DD9H         LINE#         124
  C:0DF1H         LINE#         125
  C:0E06H         LINE#         126
  C:0E1BH         LINE#         127
  C:0E31H         LINE#         128
  C:0E48H         LINE#         129
  C:0E49H         LINE#         130
  C:0E49H         LINE#         131
  C:0E5CH         LINE#         132
  C:0E74H         LINE#         133
  C:0E89H         LINE#         134
  C:0E9EH         LINE#         135
  C:0EB4H         LINE#         136
  C:0ECBH         LINE#         137
  C:0ECCH         LINE#         138
  C:0ECCH         LINE#         139
  C:0EDFH         LINE#         140
  C:0EF7H         LINE#         141
  C:0F0CH         LINE#         142
  C:0F21H         LINE#         143
  C:0F3AH         LINE#         144
  C:0F56H         LINE#         145
  C:0F56H         LINE#         146
  C:0F56H         LINE#         147
  -------         ENDPROC       _GPIO_CONFIGGPIOMODE
  -------         PROC          _GPIO_ENABLEINT
  D:0007H         SYMBOL        Port
  D:0005H         SYMBOL        PinMSK
  C:3E77H         LINE#         161
  C:3E77H         LINE#         162
  C:3E77H         LINE#         163
  C:3E85H         LINE#         164
  C:3E85H         LINE#         165
  C:3E85H         LINE#         166
  C:3E88H         LINE#         167
  C:3E89H         LINE#         168
  C:3E89H         LINE#         169
BL51 BANKED LINKER/LOCATER V6.22.2.0                                                  11/15/2024  17:31:29  PAGE 16


  C:3E8CH         LINE#         170
  C:3E8DH         LINE#         171
  C:3E8DH         LINE#         172
  C:3E90H         LINE#         173
  C:3E91H         LINE#         174
  C:3E91H         LINE#         175
  C:3E94H         LINE#         176
  C:3E94H         LINE#         177
  C:3E94H         LINE#         178
  C:3E94H         LINE#         179
  C:3E94H         LINE#         180
  -------         ENDPROC       _GPIO_ENABLEINT
  -------         PROC          _GPIO_CHECKIFINTENABLED
  D:0007H         SYMBOL        Port
  D:0005H         SYMBOL        PinMSK
  C:3C90H         LINE#         193
  C:3C90H         LINE#         194
  C:3C90H         LINE#         195
  C:3C9EH         LINE#         196
  C:3C9EH         LINE#         197
  C:3C9EH         LINE#         198
  C:3CA5H         LINE#         199
  C:3CA5H         LINE#         200
  C:3CA5H         LINE#         201
  C:3CACH         LINE#         202
  C:3CACH         LINE#         203
  C:3CACH         LINE#         204
  C:3CB3H         LINE#         205
  C:3CB3H         LINE#         206
  C:3CB3H         LINE#         207
  C:3CBAH         LINE#         208
  C:3CBAH         LINE#         209
  C:3CBAH         LINE#         211
  C:3CBBH         LINE#         212
  -------         ENDPROC       _GPIO_CHECKIFINTENABLED
  -------         PROC          _GPIO_DISABLEINT
  D:0007H         SYMBOL        Port
  D:0005H         SYMBOL        PinMSK
  C:3DD3H         LINE#         225
  C:3DD3H         LINE#         226
  C:3DD3H         LINE#         227
  C:3DE1H         LINE#         228
  C:3DE1H         LINE#         229
  C:3DE1H         LINE#         230
  C:3DE5H         LINE#         231
  C:3DE6H         LINE#         232
  C:3DE6H         LINE#         233
  C:3DEAH         LINE#         234
  C:3DEBH         LINE#         235
  C:3DEBH         LINE#         236
  C:3DEFH         LINE#         237
  C:3DF0H         LINE#         238
  C:3DF0H         LINE#         239
  C:3DF4H         LINE#         240
  C:3DF4H         LINE#         241
  C:3DF4H         LINE#         242
  C:3DF4H         LINE#         243
BL51 BANKED LINKER/LOCATER V6.22.2.0                                                  11/15/2024  17:31:29  PAGE 17


  C:3DF4H         LINE#         244
  -------         ENDPROC       _GPIO_DISABLEINT
  -------         PROC          _GPIO_WRITEBIT
  D:0007H         SYMBOL        Port
  D:0005H         SYMBOL        PinNum
  B:0020H.7       SYMBOL        Val
  C:27FDH         LINE#         259
  C:27FDH         LINE#         260
  C:27FDH         LINE#         261
  C:2811H         LINE#         262
  C:2811H         LINE#         263
  C:2811H         LINE#         264
  C:2819H         LINE#         265
  C:282AH         LINE#         266
  C:2838H         LINE#         267
  C:2839H         LINE#         268
  C:2839H         LINE#         269
  C:2843H         LINE#         270
  C:2854H         LINE#         271
  C:2862H         LINE#         272
  C:2863H         LINE#         273
  C:2863H         LINE#         274
  C:286DH         LINE#         275
  C:287EH         LINE#         276
  C:288CH         LINE#         277
  C:288DH         LINE#         278
  C:288DH         LINE#         279
  C:2893H         LINE#         280
  C:28A4H         LINE#         281
  C:28B4H         LINE#         282
  C:28B4H         LINE#         283
  C:28B4H         LINE#         284
  C:28B4H         LINE#         285
  -------         ENDPROC       _GPIO_WRITEBIT
  -------         PROC          _GPIO_SETEXTINTMODE
  D:0007H         SYMBOL        Port
  D:0005H         SYMBOL        PinNum
  D:0003H         SYMBOL        Mode
  -------         DO            
  D:0026H         SYMBOL        PCFG
  -------         ENDDO         
  C:36F3H         LINE#         302
  C:36F3H         LINE#         303
  C:36F3H         LINE#         306
  C:36FAH         LINE#         308
  C:3708H         LINE#         309
  C:3708H         LINE#         310
  C:3708H         LINE#         311
  C:370DH         LINE#         312
  C:3710H         LINE#         313
  C:3712H         LINE#         314
  C:3712H         LINE#         315
  C:371CH         LINE#         316
  C:371FH         LINE#         317
  C:3721H         LINE#         318
  C:3721H         LINE#         319
  C:372BH         LINE#         320
BL51 BANKED LINKER/LOCATER V6.22.2.0                                                  11/15/2024  17:31:29  PAGE 18


  C:3731H         LINE#         321
  C:3733H         LINE#         322
  C:3733H         LINE#         323
  C:3739H         LINE#         324
  C:3743H         LINE#         325
  C:3743H         LINE#         326
  C:3743H         LINE#         327
  C:3743H         LINE#         328
  C:374DH         LINE#         329
  -------         ENDPROC       _GPIO_SETEXTINTMODE
  -------         PROC          _GPIO_GETEXTINTMODE
  D:0007H         SYMBOL        Port
  D:0005H         SYMBOL        PinNum
  -------         DO            
  D:0004H         SYMBOL        flag
  D:0002H         SYMBOL        PCFG
  -------         ENDDO         
  C:2F58H         LINE#         347
  C:2F58H         LINE#         348
  C:2F58H         LINE#         352
  C:2F66H         LINE#         353
  C:2F66H         LINE#         354
  C:2F66H         LINE#         355
  C:2F6EH         LINE#         356
  C:2F71H         LINE#         357
  C:2F7DH         LINE#         358
  C:2F80H         LINE#         359
  C:2F80H         LINE#         360
  C:2F8CH         LINE#         361
  C:2F8FH         LINE#         362
  C:2F9BH         LINE#         363
  C:2F9DH         LINE#         364
  C:2F9DH         LINE#         365
  C:2FA9H         LINE#         366
  C:2FACH         LINE#         367
  C:2FB8H         LINE#         368
  C:2FBAH         LINE#         369
  C:2FBAH         LINE#         370
  C:2FC2H         LINE#         371
  C:2FCAH         LINE#         372
  C:2FDAH         LINE#         373
  C:2FDCH         LINE#         374
  C:2FE0H         LINE#         375
  C:2FE0H         LINE#         377
  C:2FE6H         LINE#         378
  C:2FF0H         LINE#         379
  -------         ENDPROC       _GPIO_GETEXTINTMODE
  -------         PROC          _GPIO_SETMUXMODE
  D:0007H         SYMBOL        Port
  D:0005H         SYMBOL        PinNum
  D:0003H         SYMBOL        Mode
  -------         DO            
  D:0028H         SYMBOL        PCFG
  -------         ENDDO         
  C:3287H         LINE#         418
  C:3287H         LINE#         419
  C:3287H         LINE#         422
BL51 BANKED LINKER/LOCATER V6.22.2.0                                                  11/15/2024  17:31:29  PAGE 19


  C:3294H         LINE#         423
  C:32A5H         LINE#         425
  C:32B3H         LINE#         426
  C:32B3H         LINE#         427
  C:32B3H         LINE#         428
  C:32B8H         LINE#         429
  C:32BBH         LINE#         430
  C:32BDH         LINE#         431
  C:32BDH         LINE#         432
  C:32C7H         LINE#         433
  C:32CAH         LINE#         434
  C:32CCH         LINE#         435
  C:32CCH         LINE#         436
  C:32D6H         LINE#         437
  C:32DCH         LINE#         438
  C:32DEH         LINE#         439
  C:32DEH         LINE#         440
  C:32E4H         LINE#         441
  C:32EEH         LINE#         442
  C:32EEH         LINE#         443
  C:32EEH         LINE#         444
  C:32EEH         LINE#         445
  C:32F8H         LINE#         446
  -------         ENDPROC       _GPIO_SETMUXMODE
  -------         ENDMOD        GPIO

  -------         MODULE        ADCCFG
  C:0000H         SYMBOL        _ICE_DUMMY_
  D:0080H         PUBLIC        P0
  D:0090H         PUBLIC        P1
  D:00A0H         PUBLIC        P2
  D:00B0H         PUBLIC        P3
  C:3EC7H         SYMBOL        ADC_SetVREF
  D:00A8H         PUBLIC        IE
  D:00DFH         PUBLIC        ADCON0
  D:00DEH         PUBLIC        ADCON1
  D:00E9H         PUBLIC        ADCON2
  D:00B8H         PUBLIC        IP
  C:2B82H         SYMBOL        _ADC_ReadBackResult
  C:3853H         SYMBOL        _ADC_SubmitMisson
  D:00D1H         PUBLIC        ADCMPC
  D:00D5H         PUBLIC        ADCMPH
  D:00D4H         PUBLIC        ADCMPL
  D:0088H         PUBLIC        TCON
  X:0034H         SYMBOL        ADCConvertQueue
  D:00DDH         PUBLIC        ADRESH
  D:00D3H         PUBLIC        ADDLYL
  D:00DCH         PUBLIC        ADRESL
  C:2E20H         PUBLIC        ADC_Init
  C:0048H         PUBLIC        SystemTelemHandler
  D:0008H         SYMBOL        ADCState
  X:0038H         SYMBOL        ADCTemp
  D:0098H         PUBLIC        SCON0
  C:1E55H         SYMBOL        ADCEngineHandler
  D:00C8H         PUBLIC        T2CON
  C:2AD5H         PUBLIC        ADC_DeInit
  C:199EH         SYMBOL        _ADC_WriteOutputBuf
BL51 BANKED LINKER/LOCATER V6.22.2.0                                                  11/15/2024  17:31:29  PAGE 20


  X:0040H         PUBLIC        IsNotAllowAsync
  D:00D0H         PUBLIC        PSW
  D:0009H         PUBLIC        Data
  C:3FC6H         PUBLIC        ADCChQueue
  C:3695H         SYMBOL        Com003F
  C:3695H         SYMBOL        L?0064
  C:3695H         SYMBOL        L?0065
  C:36A2H         SYMBOL        L?0066
  C:36B8H         SYMBOL        L?0068
  C:36B8H         SYMBOL        L?0069
  C:36C1H         SYMBOL        L?0070
  C:36C1H         SYMBOL        L?0071
  C:36CAH         SYMBOL        L?0072
  C:36D5H         SYMBOL        L?0073
  C:36DFH         SYMBOL        L?0074
  C:36E9H         SYMBOL        L?0075
  -------         PROC          COM003F
  -------         ENDPROC       COM003F
  -------         PROC          _ADC_SUBMITMISSON
  D:0003H         SYMBOL        Ch
  C:3853H         LINE#         18
  C:3855H         LINE#         19
  C:3855H         LINE#         21
  C:385BH         LINE#         22
  C:3870H         LINE#         24
  C:387AH         LINE#         25
  C:387AH         LINE#         26
  C:387FH         LINE#         27
  C:3883H         LINE#         29
  C:388CH         LINE#         30
  C:388FH         LINE#         31
  C:3892H         LINE#         32
  C:3897H         LINE#         34
  C:389EH         LINE#         35
  C:38A1H         LINE#         36
  -------         ENDPROC       _ADC_SUBMITMISSON
  -------         PROC          _ADC_READBACKRESULT
  D:002DH         SYMBOL        Result
  D:0030H         SYMBOL        Queue
  C:2B82H         LINE#         39
  C:2B88H         LINE#         40
  C:2B88H         LINE#         42
  C:2B8FH         LINE#         44
  C:2B9DH         LINE#         45
  C:2BCBH         LINE#         46
  C:2BDCH         LINE#         47
  C:2BDCH         LINE#         48
  C:2BDFH         LINE#         49
  C:2BE3H         LINE#         50
  C:2BE3H         LINE#         52
  C:2C00H         LINE#         53
  C:2C15H         LINE#         54
  C:2C22H         LINE#         55
  C:2C27H         LINE#         56
  C:2C2AH         LINE#         57
  -------         ENDPROC       _ADC_READBACKRESULT
  -------         PROC          ADC_SETVREF
BL51 BANKED LINKER/LOCATER V6.22.2.0                                                  11/15/2024  17:31:29  PAGE 21


  B:0020H.7       SYMBOL        IsUsingVDD
  C:3EC7H         LINE#         60
  C:3EC7H         LINE#         61
  C:3EC7H         LINE#         62
  C:3ECAH         LINE#         63
  C:3ECBH         LINE#         64
  C:3ED9H         LINE#         65
  C:3EDAH         LINE#         66
  C:3EDDH         LINE#         67
  -------         ENDPROC       ADC_SETVREF
  -------         PROC          _ADC_WRITEOUTPUTBUF
  D:002DH         SYMBOL        ADCResult
  D:002FH         SYMBOL        Ch
  -------         DO            
  D:0030H         SYMBOL        Buf
  D:0034H         SYMBOL        Rt
  D:0038H         SYMBOL        Vadc
  D:0004H         SYMBOL        NTCRES
  -------         ENDDO         
  C:199EH         LINE#         71
  C:19A4H         LINE#         72
  C:19A4H         LINE#         77
  C:19BEH         LINE#         78
  C:19F3H         LINE#         80
  C:1A0CH         LINE#         81
  C:1A0CH         LINE#         83
  C:1A0CH         LINE#         84
  C:1A2FH         LINE#         85
  C:1A37H         LINE#         86
  C:1A38H         LINE#         88
  C:1A38H         LINE#         89
  C:1A41H         LINE#         90
  C:1A4CH         LINE#         91
  C:1A6CH         LINE#         92
  C:1A8FH         LINE#         93
  C:1A90H         LINE#         95
  C:1A90H         LINE#         96
  C:1A99H         LINE#         97
  C:1AA4H         LINE#         98
  C:1AC4H         LINE#         99
  C:1AC5H         LINE#         101
  C:1AC5H         LINE#         102
  C:1B00H         LINE#         103
  C:1B0DH         LINE#         104
  C:1B10H         LINE#         105
  C:1B1BH         LINE#         106
  C:1B1BH         LINE#         107
  C:1B1BH         LINE#         108
  -------         ENDPROC       _ADC_WRITEOUTPUTBUF
  -------         PROC          ADCENGINEHANDLER
  -------         DO            
  D:0028H         SYMBOL        i
  D:002AH         SYMBOL        result
  D:002CH         SYMBOL        Ch
  -------         ENDDO         
  C:1E55H         LINE#         111
  C:1E55H         LINE#         112
BL51 BANKED LINKER/LOCATER V6.22.2.0                                                  11/15/2024  17:31:29  PAGE 22


  C:1E55H         LINE#         117
  C:1E55H         LINE#         118
  C:1E5DH         LINE#         119
  C:1E75H         LINE#         120
  C:1E75H         LINE#         122
  C:1E75H         LINE#         123
  C:1E7AH         LINE#         124
  C:1EA1H         LINE#         125
  C:1EA1H         LINE#         126
  C:1EA4H         LINE#         128
  C:1EA4H         LINE#         129
  C:1EA9H         LINE#         130
  C:1EA9H         LINE#         131
  C:1EA9H         LINE#         132
  C:1EC2H         LINE#         133
  C:1ECAH         LINE#         134
  C:1ED0H         LINE#         136
  C:1EDDH         LINE#         137
  C:1EDDH         LINE#         138
  C:1EE3H         LINE#         139
  C:1EF6H         LINE#         140
  C:1EFBH         LINE#         141
  C:1EFEH         LINE#         142
  C:1F00H         LINE#         144
  C:1F03H         LINE#         145
  C:1F05H         LINE#         147
  C:1F05H         LINE#         148
  C:1F1BH         LINE#         149
  C:1F24H         LINE#         150
  C:1F44H         LINE#         151
  C:1F47H         LINE#         152
  C:1F49H         LINE#         154
  C:1F49H         LINE#         156
  C:1F4CH         LINE#         157
  C:1F4CH         LINE#         158
  C:1F4CH         LINE#         159
  C:1F5BH         LINE#         160
  -------         ENDPROC       ADCENGINEHANDLER
  -------         PROC          SYSTEMTELEMHANDLER
  C:0048H         LINE#         170
  C:0048H         LINE#         171
  C:0048H         LINE#         173
  -------         ENDPROC       SYSTEMTELEMHANDLER
  C:2B78H         SYMBOL        L?0076
  -------         PROC          ADC_DEINIT
  -------         DO            
  D:0025H         SYMBOL        ADCDeInitCfg
  D:0007H         SYMBOL        i
  -------         ENDDO         
  C:2AD5H         LINE#         177
  C:2AD5H         LINE#         178
  C:2AD5H         LINE#         182
  C:2AD8H         LINE#         183
  C:2ADCH         LINE#         185
  C:2AE1H         LINE#         186
  C:2AE4H         LINE#         187
  C:2B0BH         LINE#         188
BL51 BANKED LINKER/LOCATER V6.22.2.0                                                  11/15/2024  17:31:29  PAGE 23


  C:2B15H         LINE#         189
  C:2B15H         LINE#         190
  C:2B19H         LINE#         191
  C:2B1BH         LINE#         193
  C:2B23H         LINE#         194
  C:2B2CH         LINE#         195
  C:2B33H         LINE#         197
  C:2B36H         LINE#         198
  C:2B39H         LINE#         199
  C:2B3BH         LINE#         200
  C:2B40H         LINE#         201
  C:2B47H         LINE#         202
  C:2B55H         LINE#         204
  C:2B5EH         LINE#         205
  C:2B67H         LINE#         206
  C:2B6FH         LINE#         207
  C:2B78H         LINE#         208
  -------         ENDPROC       ADC_DEINIT
  C:2EB2H         SYMBOL        L?0067
  -------         PROC          ADC_INIT
  -------         DO            
  D:0025H         SYMBOL        ADCInitCfg
  -------         ENDDO         
  C:2E20H         LINE#         211
  C:2E20H         LINE#         212
  C:2E20H         LINE#         215
  C:2E23H         LINE#         216
  C:2E25H         LINE#         217
  C:2E27H         LINE#         219
  C:2E33H         LINE#         220
  C:2E40H         LINE#         221
  C:2E45H         LINE#         223
  C:2E4EH         LINE#         224
  C:2E57H         LINE#         225
  C:2E5FH         LINE#         227
  C:2E62H         LINE#         228
  C:2E65H         LINE#         229
  C:2E68H         LINE#         231
  C:2E6FH         LINE#         232
  C:2E74H         LINE#         233
  C:2E7DH         LINE#         235
  C:2E80H         LINE#         236
  C:2E83H         LINE#         237
  C:2E86H         LINE#         238
  C:2E88H         LINE#         239
  C:2E8AH         LINE#         240
  C:2E8DH         LINE#         241
  C:2E90H         LINE#         242
  C:2E96H         LINE#         244
  C:2E99H         LINE#         245
  C:2EA3H         LINE#         246
  C:2EA3H         LINE#         247
  C:2EA7H         LINE#         248
  C:2EA9H         LINE#         249
  C:2EACH         LINE#         251
  C:2EAFH         LINE#         252
  C:2EB2H         LINE#         253
BL51 BANKED LINKER/LOCATER V6.22.2.0                                                  11/15/2024  17:31:29  PAGE 24


  -------         ENDPROC       ADC_INIT
  -------         ENDMOD        ADCCFG

  -------         MODULE        DELAY
  C:0000H         SYMBOL        _ICE_DUMMY_
  D:0080H         PUBLIC        P0
  D:0090H         PUBLIC        P1
  D:00A0H         PUBLIC        P2
  D:00B0H         PUBLIC        P3
  B:00A8H.7       PUBLIC        EA
  D:00A8H         PUBLIC        IE
  D:001FH         PUBLIC        HBcounter
  D:00CFH         PUBLIC        T2IE
  D:00C9H         PUBLIC        T2IF
  D:00B8H         PUBLIC        IP
  D:00CEH         PUBLIC        CCEN
  C:3EDEH         PUBLIC        delay_init
  D:00CBH         PUBLIC        RLDH
  B:0021H.3       PUBLIC        IsT0OVF
  D:00CAH         PUBLIC        RLDL
  D:0089H         PUBLIC        TMOD
  D:0088H         PUBLIC        TCON
  C:3D8DH         PUBLIC        CheckIfHBTIMIsReady
  C:3FC0H         PUBLIC        Timer0_IRQHandler
  C:38A2H         PUBLIC        Timer2_IRQHandler
  C:3D66H         PUBLIC        SetSystemHBTimer
  B:0021H.4       PUBLIC        SysHBFlag
  D:008CH         PUBLIC        TH0
  D:00CDH         PUBLIC        TH2
  D:008AH         PUBLIC        TL0
  D:00CCH         PUBLIC        TL2
  C:296CH         PUBLIC        _delay_ms
  C:39FBH         PUBLIC        _delay_us
  D:0098H         PUBLIC        SCON0
  D:00C8H         PUBLIC        T2CON
  B:0021H.5       PUBLIC        StrobeFlag
  D:00D0H         PUBLIC        PSW
  -------         PROC          SETSYSTEMHBTIMER
  B:0020H.7       SYMBOL        IsEnable
  C:3D66H         LINE#         13
  C:3D66H         LINE#         14
  C:3D66H         LINE#         15
  C:3D6AH         LINE#         16
  C:3D6AH         LINE#         17
  C:3D6CH         LINE#         18
  C:3D70H         LINE#         20
  C:3D70H         LINE#         22
  C:3D72H         LINE#         23
  C:3D75H         LINE#         24
  C:3D78H         LINE#         25
  C:3D7BH         LINE#         26
  C:3D7EH         LINE#         28
  C:3D81H         LINE#         29
  C:3D83H         LINE#         30
  C:3D86H         LINE#         32
  C:3D89H         LINE#         33
  C:3D8CH         LINE#         34
BL51 BANKED LINKER/LOCATER V6.22.2.0                                                  11/15/2024  17:31:29  PAGE 25


  -------         ENDPROC       SETSYSTEMHBTIMER
  -------         PROC          CHECKIFHBTIMISREADY
  -------         DO            
  D:0023H         SYMBOL        retry
  -------         ENDDO         
  C:3D8DH         LINE#         37
  C:3D8DH         LINE#         38
  C:3D8DH         LINE#         39
  C:3D93H         LINE#         40
  C:3D95H         LINE#         42
  C:3D95H         LINE#         43
  C:3D9CH         LINE#         44
  C:3D9FH         LINE#         45
  C:3DA7H         LINE#         46
  C:3DA7H         LINE#         47
  C:3DADH         LINE#         49
  C:3DAFH         LINE#         50
  -------         ENDPROC       CHECKIFHBTIMISREADY
  -------         PROC          TIMER2_IRQHANDLER
  C:38A2H         LINE#         53
  C:38BFH         LINE#         55
  C:38C2H         LINE#         57
  C:38C4H         LINE#         58
  C:38C6H         LINE#         59
  C:38CAH         LINE#         60
  C:38CDH         LINE#         62
  C:38CFH         LINE#         63
  C:38D2H         LINE#         64
  -------         ENDPROC       TIMER2_IRQHANDLER
  -------         PROC          TIMER0_IRQHANDLER
  C:3FC0H         LINE#         67
  C:3FC0H         LINE#         69
  C:3FC3H         LINE#         70
  C:3FC5H         LINE#         71
  -------         ENDPROC       TIMER0_IRQHANDLER
  -------         PROC          DELAY_INIT
  C:3EDEH         LINE#         74
  C:3EDEH         LINE#         75
  C:3EDEH         LINE#         76
  C:3EE1H         LINE#         77
  C:3EE4H         LINE#         78
  C:3EE7H         LINE#         79
  C:3EEAH         LINE#         80
  C:3EECH         LINE#         81
  C:3EEFH         LINE#         82
  C:3EF2H         LINE#         83
  -------         ENDPROC       DELAY_INIT
  -------         PROC          _DELAY_US
  D:0004H         SYMBOL        us
  -------         DO            
  B:0020H.7       SYMBOL        IsEA
  -------         ENDDO         
  C:39FBH         LINE#         85
  C:39FFH         LINE#         86
  C:39FFH         LINE#         87
  C:3A03H         LINE#         88
  C:3A10H         LINE#         89
BL51 BANKED LINKER/LOCATER V6.22.2.0                                                  11/15/2024  17:31:29  PAGE 26


  C:3A18H         LINE#         91
  C:3A1CH         LINE#         92
  C:3A21H         LINE#         93
  C:3A24H         LINE#         95
  C:3A27H         LINE#         96
  C:3A2CH         LINE#         98
  C:3A2FH         LINE#         99
  C:3A36H         LINE#         100
  C:3A39H         LINE#         101
  -------         ENDPROC       _DELAY_US
  -------         PROC          _DELAY_MS
  D:002FH         SYMBOL        ms
  -------         DO            
  D:0031H         SYMBOL        CNT
  D:0035H         SYMBOL        repcounter
  -------         ENDDO         
  C:296CH         LINE#         104
  C:2970H         LINE#         105
  C:2970H         LINE#         107
  C:2975H         LINE#         109
  C:297EH         LINE#         111
  C:297EH         LINE#         112
  C:2986H         LINE#         113
  C:29A2H         LINE#         114
  C:29C3H         LINE#         115
  C:29C3H         LINE#         116
  C:29D8H         LINE#         117
  C:29EFH         LINE#         120
  C:29EFH         LINE#         122
  C:29FEH         LINE#         123
  C:2A03H         LINE#         124
  C:2A05H         LINE#         126
  C:2A08H         LINE#         127
  C:2A10H         LINE#         129
  C:2A13H         LINE#         130
  C:2A1BH         LINE#         131
  C:2A1BH         LINE#         132
  C:2A21H         LINE#         133
  -------         ENDPROC       _DELAY_MS
  -------         ENDMOD        DELAY

  -------         MODULE        NTC
  C:0000H         SYMBOL        _ICE_DUMMY_
  C:1615H         PUBLIC        NTCTableTop
  C:1741H         PUBLIC        NTCTableBottom
  C:23FAH         PUBLIC        _CalcNTCTemp
  C:3DF5H         SYMBOL        Com0010
  C:3DF5H         SYMBOL        L?0017
  C:3E02H         SYMBOL        L?0018
  C:3E02H         SYMBOL        L?0019
  C:3E03H         SYMBOL        L?0020
  C:3E0CH         SYMBOL        L?0021
  -------         PROC          COM0010
  -------         ENDPROC       COM0010
  -------         PROC          _CALCNTCTEMP
  D:003CH         SYMBOL        IsNTCOK
  D:003FH         SYMBOL        NTCRes
BL51 BANKED LINKER/LOCATER V6.22.2.0                                                  11/15/2024  17:31:29  PAGE 27


  -------         DO            
  D:0043H         SYMBOL        i
  D:0045H         SYMBOL        NTCTableValue
  -------         ENDDO         
  C:23FAH         LINE#         64
  C:2408H         LINE#         68
  C:2416H         LINE#         69
  C:2416H         LINE#         70
  C:2419H         LINE#         71
  C:241CH         LINE#         72
  C:241CH         LINE#         74
  C:2427H         LINE#         75
  C:2427H         LINE#         76
  C:242AH         LINE#         77
  C:242DH         LINE#         78
  C:242DH         LINE#         80
  C:2432H         LINE#         81
  C:2475H         LINE#         82
  C:247AH         LINE#         83
  C:247AH         LINE#         84
  C:249DH         LINE#         85
  C:24AAH         LINE#         86
  C:24C6H         LINE#         87
  C:24D4H         LINE#         89
  C:24D7H         LINE#         90
  C:24D8H         LINE#         91
  -------         ENDPROC       _CALCNTCTEMP
  -------         ENDMOD        NTC

  -------         MODULE        SIDEKEY
  C:0000H         SYMBOL        _ICE_DUMMY_
  D:0080H         PUBLIC        P0
  D:0057H         PUBLIC        SleepTimer
  D:0090H         PUBLIC        P1
  D:00A0H         PUBLIC        P2
  D:00B4H         PUBLIC        P0EXTIF
  D:00B0H         PUBLIC        P3
  C:3FA9H         PUBLIC        getSideKeyClickAndHoldEvent
  C:0003H         PUBLIC        getSideKeyHoldEvent
  D:00A8H         PUBLIC        IE
  D:00B8H         PUBLIC        IP
  C:3F8BH         PUBLIC        getSideKeyLongPressEvent
  C:3E58H         PUBLIC        getSideKeyShortPressCount
  C:3EF3H         PUBLIC        IsKeyEventOccurred
  X:0062H         PUBLIC        KeyState
  D:0059H         SYMBOL        KeyTimer
  C:34A6H         PUBLIC        SideKey_Int_Callback
  D:0088H         PUBLIC        TCON
  B:00A0H.3       PUBLIC        KeyPress
  B:0022H.6       SYMBOL        IsKeyPressed
  C:2C2BH         PUBLIC        SideKey_LogicHandler
  C:3E38H         PUBLIC        MarkAsKeyPressed
  C:38EDH         PUBLIC        SideKeyInit
  D:005BH         SYMBOL        Keyevent
  C:002EH         SYMBOL        _ClickAndHoldEventHandler
  D:0098H         PUBLIC        SCON0
  D:00C8H         PUBLIC        T2CON
BL51 BANKED LINKER/LOCATER V6.22.2.0                                                  11/15/2024  17:31:29  PAGE 28


  C:3BCFH         PUBLIC        SideKey_TIM_Callback
  D:00D0H         PUBLIC        PSW
  C:3FB1H         SYMBOL        Com003C
  C:3FB1H         SYMBOL        L?0061
  C:3FB1H         SYMBOL        L?0062
  -------         PROC          COM003C
  -------         ENDPROC       COM003C
  -------         PROC          SIDEKEYINIT
  -------         DO            
  D:0023H         SYMBOL        KeyInitCfg
  -------         ENDDO         
  C:38EDH         LINE#         19
  C:38EDH         LINE#         20
  C:38EDH         LINE#         23
  C:38F0H         LINE#         24
  C:38F3H         LINE#         25
  C:38F5H         LINE#         27
  C:38FDH         LINE#         28
  C:390AH         LINE#         29
  C:3911H         LINE#         30
  C:391AH         LINE#         32
  C:3920H         LINE#         33
  C:3926H         LINE#         34
  C:3929H         LINE#         35
  C:392BH         LINE#         36
  C:392DH         LINE#         37
  C:392FH         LINE#         38
  C:3931H         LINE#         39
  C:3933H         LINE#         40
  -------         ENDPROC       SIDEKEYINIT
  -------         PROC          ISKEYEVENTOCCURRED
  C:3EF3H         LINE#         43
  C:3EF3H         LINE#         44
  C:3EF3H         LINE#         45
  C:3EF9H         LINE#         46
  C:3EFFH         LINE#         47
  C:3F05H         LINE#         49
  C:3F06H         LINE#         50
  -------         ENDPROC       ISKEYEVENTOCCURRED
  -------         PROC          SIDEKEY_TIM_CALLBACK
  -------         DO            
  D:0007H         SYMBOL        buf
  -------         ENDDO         
  C:3BCFH         LINE#         53
  C:3BCFH         LINE#         54
  C:3BCFH         LINE#         57
  C:3BD4H         LINE#         58
  C:3BD4H         LINE#         59
  C:3BD7H         LINE#         60
  C:3BDDH         LINE#         61
  C:3BE0H         LINE#         62
  C:3BE3H         LINE#         63
  C:3BE5H         LINE#         64
  C:3BE8H         LINE#         66
  C:3BEDH         LINE#         67
  C:3BEDH         LINE#         68
  C:3BF0H         LINE#         69
BL51 BANKED LINKER/LOCATER V6.22.2.0                                                  11/15/2024  17:31:29  PAGE 29


  C:3BF6H         LINE#         70
  C:3BF9H         LINE#         71
  C:3BFCH         LINE#         72
  C:3BFDH         LINE#         73
  C:3C00H         LINE#         74
  -------         ENDPROC       SIDEKEY_TIM_CALLBACK
  -------         PROC          SIDEKEY_INT_CALLBACK
  -------         DO            
  D:0007H         SYMBOL        time
  -------         ENDDO         
  C:34A6H         LINE#         77
  C:34A6H         LINE#         78
  C:34A6H         LINE#         81
  C:34B3H         LINE#         82
  C:34B3H         LINE#         83
  C:34B5H         LINE#         84
  C:34BAH         LINE#         85
  C:34BDH         LINE#         86
  C:34C5H         LINE#         87
  C:34C5H         LINE#         88
  C:34C8H         LINE#         89
  C:34CAH         LINE#         90
  C:34CCH         LINE#         91
  C:34D2H         LINE#         92
  C:34D2H         LINE#         93
  C:34E2H         LINE#         94
  C:34E5H         LINE#         95
  C:34E5H         LINE#         96
  C:34E7H         LINE#         99
  C:34E7H         LINE#         100
  C:34E9H         LINE#         101
  C:34EFH         LINE#         102
  C:34F7H         LINE#         103
  C:34FFH         LINE#         104
  C:34FFH         LINE#         106
  C:3506H         LINE#         107
  C:350CH         LINE#         108
  -------         ENDPROC       SIDEKEY_INT_CALLBACK
  -------         PROC          MARKASKEYPRESSED
  C:3E38H         LINE#         111
  C:3E38H         LINE#         112
  C:3E38H         LINE#         114
  C:3E3FH         LINE#         115
  C:3E45H         LINE#         117
  C:3E47H         LINE#         118
  C:3E4FH         LINE#         119
  C:3E57H         LINE#         120
  -------         ENDPROC       MARKASKEYPRESSED
  -------         PROC          _CLICKANDHOLDEVENTHANDLER
  D:0006H         SYMBOL        PressCount
  C:002EH         LINE#         123
  C:002EH         LINE#         124
  C:002EH         LINE#         125
  C:0031H         LINE#         126
  C:0033H         LINE#         127
  C:0035H         LINE#         128
  C:0037H         LINE#         129
BL51 BANKED LINKER/LOCATER V6.22.2.0                                                  11/15/2024  17:31:29  PAGE 30


  C:0039H         LINE#         131
  C:0047H         LINE#         132
  -------         ENDPROC       _CLICKANDHOLDEVENTHANDLER
  -------         PROC          SIDEKEY_LOGICHANDLER
  -------         DO            
  D:0006H         SYMBOL        buf
  -------         ENDDO         
  C:2C2BH         LINE#         134
  C:2C2BH         LINE#         135
  C:2C2BH         LINE#         138
  C:2C34H         LINE#         139
  C:2C34H         LINE#         140
  C:2C3BH         LINE#         141
  C:2C44H         LINE#         142
  C:2C4BH         LINE#         144
  C:2C53H         LINE#         145
  C:2C5DH         LINE#         146
  C:2C5DH         LINE#         147
  C:2C60H         LINE#         148
  C:2C6CH         LINE#         149
  C:2C80H         LINE#         150
  C:2C87H         LINE#         151
  C:2C87H         LINE#         152
  C:2C87H         LINE#         154
  C:2C92H         LINE#         156
  C:2C9BH         LINE#         157
  C:2C9BH         LINE#         159
  C:2CAEH         LINE#         161
  C:2CAEH         LINE#         162
  C:2CB1H         LINE#         163
  C:2CB3H         LINE#         164
  C:2CB6H         LINE#         165
  C:2CB9H         LINE#         166
  C:2CB9H         LINE#         167
  C:2CBCH         LINE#         168
  C:2CBCH         LINE#         170
  C:2CC5H         LINE#         171
  C:2CC5H         LINE#         172
  C:2CC7H         LINE#         173
  C:2CCBH         LINE#         174
  C:2CCFH         LINE#         176
  C:2CD2H         LINE#         177
  C:2CD2H         LINE#         178
  -------         ENDPROC       SIDEKEY_LOGICHANDLER
  -------         PROC          GETSIDEKEYSHORTPRESSCOUNT
  B:0020H.7       SYMBOL        IsRemoveResult
  -------         DO            
  D:0006H         SYMBOL        buf
  -------         ENDDO         
  C:3E58H         LINE#         180
  C:3E58H         LINE#         181
  C:3E58H         LINE#         183
  C:3E64H         LINE#         184
  C:3E6BH         LINE#         185
  C:3E6EH         LINE#         186
  C:3E71H         LINE#         187
  C:3E71H         LINE#         188
BL51 BANKED LINKER/LOCATER V6.22.2.0                                                  11/15/2024  17:31:29  PAGE 31


  C:3E74H         LINE#         189
  C:3E76H         LINE#         190
  C:3E76H         LINE#         191
  C:3E76H         LINE#         192
  -------         ENDPROC       GETSIDEKEYSHORTPRESSCOUNT
  -------         PROC          GETSIDEKEYLONGPRESSEVENT
  C:3F8BH         LINE#         194
  C:3F8BH         LINE#         195
  C:3F8BH         LINE#         196
  C:3F91H         LINE#         197
  C:3F94H         LINE#         198
  C:3F95H         LINE#         199
  -------         ENDPROC       GETSIDEKEYLONGPRESSEVENT
  -------         PROC          GETSIDEKEYHOLDEVENT
  C:0003H         LINE#         201
  C:0003H         LINE#         202
  C:0003H         LINE#         203
  C:000AH         LINE#         204
  -------         ENDPROC       GETSIDEKEYHOLDEVENT
  -------         PROC          GETSIDEKEYCLICKANDHOLDEVENT
  C:3FA9H         LINE#         206
  C:3FA9H         LINE#         207
  C:3FA9H         LINE#         208
  C:3FB0H         LINE#         209
  -------         ENDPROC       GETSIDEKEYCLICKANDHOLDEVENT
  -------         ENDMOD        SIDEKEY

  -------         MODULE        LEDMGMT
  C:0000H         SYMBOL        _ICE_DUMMY_
  C:3C01H         SYMBOL        SetLEDONOFF
  C:350DH         PUBLIC        LEDMgmt_SwitchToPWM
  D:0080H         PUBLIC        P0
  C:1F5CH         PUBLIC        LEDControlHandler
  D:0090H         PUBLIC        P1
  D:00A0H         PUBLIC        P2
  D:00B0H         PUBLIC        P3
  C:3AF0H         PUBLIC        _MakeFastStrobe
  D:00A8H         PUBLIC        IE
  D:00B8H         PUBLIC        IP
  C:37A9H         PUBLIC        LEDMgmt_SetBrightness
  D:0060H         SYMBOL        timer
  X:005FH         SYMBOL        StepDownTIM
  D:0088H         PUBLIC        TCON
  B:00A0H.5       PUBLIC        GreenLED
  C:3D3EH         PUBLIC        LED_Init
  X:0060H         PUBLIC        LEDBrightNess
  D:0061H         PUBLIC        LEDMode
  D:0098H         PUBLIC        SCON0
  D:00C8H         PUBLIC        T2CON
  B:00A0H.4       PUBLIC        RedLED
  D:00D0H         PUBLIC        PSW
  C:3F96H         SYMBOL        Com0034
  C:3F96H         SYMBOL        L?0053
  -------         PROC          COM0034
  -------         ENDPROC       COM0034
  C:3D5CH         SYMBOL        L?0054
  -------         PROC          LED_INIT
BL51 BANKED LINKER/LOCATER V6.22.2.0                                                  11/15/2024  17:31:29  PAGE 32


  -------         DO            
  D:0025H         SYMBOL        LEDInitCfg
  -------         ENDDO         
  C:3D3EH         LINE#         16
  C:3D3EH         LINE#         17
  C:3D3EH         LINE#         20
  C:3D41H         LINE#         21
  C:3D44H         LINE#         22
  C:3D47H         LINE#         24
  C:3D49H         LINE#         25
  C:3D4BH         LINE#         27
  C:3D51H         LINE#         28
  C:3D58H         LINE#         30
  C:3D5BH         LINE#         31
  -------         ENDPROC       LED_INIT
  -------         PROC          LEDMGMT_SWITCHTOPWM
  C:350DH         LINE#         34
  C:350DH         LINE#         35
  C:350DH         LINE#         37
  C:3516H         LINE#         38
  C:351FH         LINE#         40
  C:3526H         LINE#         41
  C:352CH         LINE#         42
  C:3532H         LINE#         43
  C:3534H         LINE#         44
  C:353BH         LINE#         45
  C:353FH         LINE#         46
  C:3546H         LINE#         48
  C:354CH         LINE#         49
  C:3552H         LINE#         50
  C:3558H         LINE#         51
  C:355EH         LINE#         53
  C:3561H         LINE#         55
  C:3568H         LINE#         56
  C:3570H         LINE#         57
  -------         ENDPROC       LEDMGMT_SWITCHTOPWM
  -------         PROC          SETLEDONOFF
  B:0021H.1       SYMBOL        RLED
  B:0021H.2       SYMBOL        GLED
  -------         DO            
  D:0007H         SYMBOL        buf
  -------         ENDDO         
  C:3C01H         LINE#         60
  C:3C01H         LINE#         61
  C:3C01H         LINE#         64
  C:3C09H         LINE#         65
  C:3C09H         LINE#         66
  C:3C0DH         LINE#         67
  C:3C11H         LINE#         68
  C:3C12H         LINE#         71
  C:3C12H         LINE#         72
  C:3C17H         LINE#         73
  C:3C1FH         LINE#         74
  C:3C22H         LINE#         75
  C:3C2AH         LINE#         76
  C:3C2DH         LINE#         77
  C:3C32H         LINE#         78
BL51 BANKED LINKER/LOCATER V6.22.2.0                                                  11/15/2024  17:31:29  PAGE 33


  C:3C32H         LINE#         79
  -------         ENDPROC       SETLEDONOFF
  -------         PROC          LEDMGMT_SETBRIGHTNESS
  C:37A9H         LINE#         82
  C:37A9H         LINE#         83
  C:37A9H         LINE#         85
  C:37C1H         LINE#         86
  C:37D8H         LINE#         88
  C:37E7H         LINE#         89
  C:37EEH         LINE#         90
  C:37F3H         LINE#         91
  C:37F8H         LINE#         93
  C:37FFH         LINE#         94
  -------         ENDPROC       LEDMGMT_SETBRIGHTNESS
  -------         PROC          LEDCONTROLHANDLER
  -------         DO            
  D:0007H         SYMBOL        buf
  B:0020H.6       SYMBOL        IsLEDON
  B:0020H.7       SYMBOL        RLED
  B:0021H.0       SYMBOL        GLED
  -------         ENDDO         
  C:1F5CH         LINE#         97
[...]
  C:08E4H         LINE#         515
  C:08FCH         LINE#         517
  C:0902H         LINE#         519
  C:090AH         LINE#         520
  C:090AH         LINE#         521
  C:0913H         LINE#         522
  C:0919H         LINE#         523
  C:0919H         LINE#         524
  C:091CH         LINE#         525
  C:091CH         LINE#         526
  C:0924H         LINE#         527
  C:0938H         LINE#         528
  C:0944H         LINE#         531
  C:0944H         LINE#         533
  C:094CH         LINE#         534
  C:094CH         LINE#         535
  C:0967H         LINE#         536
  C:0970H         LINE#         537
  C:0970H         LINE#         538
  C:0973H         LINE#         539
  C:097BH         LINE#         540
  C:097BH         LINE#         541
  C:0981H         LINE#         542
  C:0993H         LINE#         543
  C:09A9H         LINE#         544
  C:09A9H         LINE#         545
  C:09ABH         LINE#         546
  C:09B3H         LINE#         547
  C:09B8H         LINE#         548
  C:09B8H         LINE#         549
  C:09C4H         LINE#         550
  C:09C7H         LINE#         551
  C:09CAH         LINE#         552
BL51 BANKED LINKER/LOCATER V6.22.2.0                                                  11/15/2024  17:31:29  PAGE 59


  C:09D2H         LINE#         553
  C:09D2H         LINE#         554
  C:09DBH         LINE#         555
  C:09E6H         LINE#         556
  C:09EBH         LINE#         557
  C:09EEH         LINE#         558
  C:09F9H         LINE#         559
  C:09FCH         LINE#         561
  C:09FCH         LINE#         562
  C:0A03H         LINE#         563
  C:0A0BH         LINE#         564
  C:0A0BH         LINE#         565
  C:0A16H         LINE#         566
  C:0A18H         LINE#         567
  C:0A1AH         LINE#         568
  C:0A1DH         LINE#         569
  C:0A1DH         LINE#         570
  C:0A2AH         LINE#         572
  C:0A30H         LINE#         573
  C:0A3CH         LINE#         575
  C:0A46H         LINE#         576
  C:0A5CH         LINE#         577
  C:0A5CH         LINE#         578
  C:0A68H         LINE#         579
  C:0A6EH         LINE#         580
  C:0A75H         LINE#         581
  C:0A78H         LINE#         582
  C:0A78H         LINE#         583
  C:0A7BH         LINE#         585
  C:0A7BH         LINE#         586
  C:0A7BH         LINE#         587
  C:0A88H         LINE#         588
  C:0A92H         LINE#         590
  C:0A95H         LINE#         591
  C:0A98H         LINE#         592
  C:0A9BH         LINE#         594
  C:0A9BH         LINE#         595
  C:0A9DH         LINE#         596
  C:0A9DH         LINE#         597
  C:0AAAH         LINE#         598
  C:0AB4H         LINE#         600
  C:0AB6H         LINE#         601
  C:0AB9H         LINE#         603
  C:0AB9H         LINE#         604
  C:0ABBH         LINE#         605
  C:0ABBH         LINE#         606
  C:0AC8H         LINE#         607
  C:0AD2H         LINE#         609
  C:0AD7H         LINE#         610
  C:0AD9H         LINE#         611
  C:0ADBH         LINE#         613
  C:0ADBH         LINE#         614
  C:0ADDH         LINE#         615
  C:0ADDH         LINE#         616
  C:0AEAH         LINE#         617
  C:0AF4H         LINE#         619
  C:0AF9H         LINE#         620
BL51 BANKED LINKER/LOCATER V6.22.2.0                                                  11/15/2024  17:31:29  PAGE 60


  C:0AFBH         LINE#         621
  C:0AFDH         LINE#         623
  C:0AFDH         LINE#         624
  C:0AFFH         LINE#         625
  C:0AFFH         LINE#         626
  C:0B0CH         LINE#         627
  C:0B16H         LINE#         629
  C:0B1BH         LINE#         630
  C:0B20H         LINE#         631
  C:0B23H         LINE#         633
  C:0B23H         LINE#         634
  C:0B25H         LINE#         635
  C:0B25H         LINE#         636
  C:0B39H         LINE#         637
  C:0B43H         LINE#         638
  C:0B45H         LINE#         640
  C:0B45H         LINE#         641
  C:0B47H         LINE#         642
  C:0B47H         LINE#         643
  C:0B54H         LINE#         644
  C:0B65H         LINE#         646
  C:0B67H         LINE#         647
  C:0B69H         LINE#         649
  C:0B69H         LINE#         650
  C:0B70H         LINE#         651
  C:0B70H         LINE#         652
  C:0B7DH         LINE#         653
  C:0B8EH         LINE#         655
  C:0B93H         LINE#         656
  C:0B93H         LINE#         657
  C:0B93H         LINE#         659
  C:0BA8H         LINE#         660
  C:0BBCH         LINE#         661
  C:0BCDH         LINE#         662
  C:0BCDH         LINE#         663
  C:0BE8H         LINE#         664
  C:0BE8H         LINE#         665
  C:0C02H         LINE#         666
  C:0C04H         LINE#         667
  C:0C0DH         LINE#         668
  C:0C16H         LINE#         669
  C:0C26H         LINE#         670
  C:0C26H         LINE#         672
  C:0C42H         LINE#         673
  -------         ENDPROC       MODESWITCHFSM
  -------         ENDMOD        MODECONTROL

  -------         MODULE        RAMPCONFIG
  C:0000H         SYMBOL        _ICE_DUMMY_
  C:25B2H         PUBLIC        SaveRampConfig
  D:0080H         PUBLIC        P0
  D:0090H         PUBLIC        P1
  D:00A0H         PUBLIC        P2
  D:00B0H         PUBLIC        P3
  D:00FFH         PUBLIC        MCTRL
  B:00A8H.7       PUBLIC        EA
  C:3AB4H         PUBLIC        RestoreToMinimumRampCurrent
BL51 BANKED LINKER/LOCATER V6.22.2.0                                                  11/15/2024  17:31:29  PAGE 61


  D:00A8H         PUBLIC        IE
  D:00B8H         PUBLIC        IP
  D:0088H         PUBLIC        TCON
  D:0098H         PUBLIC        SCON0
  D:00C8H         PUBLIC        T2CON
  D:00FEH         PUBLIC        MDATA
  C:2A22H         PUBLIC        ReadRampConfig
  C:3F7CH         PUBLIC        VendorString
  D:00FDH         PUBLIC        MADRH
  D:00FCH         PUBLIC        MADRL
  C:2146H         SYMBOL        _PEC8Check
  D:00FBH         PUBLIC        MLOCK
  D:00D0H         PUBLIC        PSW
  C:3C62H         SYMBOL        Com0038
  C:3C62H         SYMBOL        L?0057
  C:3C6CH         SYMBOL        L?0058
  C:3C77H         SYMBOL        L?0059
  C:3C85H         SYMBOL        L?0060
  -------         PROC          COM0038
  -------         ENDPROC       COM0038
  -------         PROC          _PEC8CHECK
  D:003CH         SYMBOL        DIN
  D:003FH         SYMBOL        Len
  -------         DO            
  D:0043H         SYMBOL        crcbuf
  D:0044H         SYMBOL        i
  D:0048H         SYMBOL        ptr
  -------         ENDDO         
  C:2146H         LINE#         11
  C:2154H         LINE#         12
  C:2154H         LINE#         13
  C:2157H         LINE#         14
  C:215FH         LINE#         15
  C:2175H         LINE#         16
  C:2175H         LINE#         18
  C:2186H         LINE#         20
  C:2198H         LINE#         21
  C:2198H         LINE#         22
  C:21A5H         LINE#         23
  C:21ABH         LINE#         24
  C:21C5H         LINE#         26
  C:21DEH         LINE#         27
  C:21F6H         LINE#         28
  C:21F9H         LINE#         30
  C:222EH         LINE#         32
  C:2230H         LINE#         33
  -------         ENDPROC       _PEC8CHECK
  -------         PROC          READRAMPCONFIG
  -------         DO            
  D:0023H         SYMBOL        i
  D:0025H         SYMBOL        ROMData
  -------         ENDDO         
  C:2A22H         LINE#         36
  C:2A22H         LINE#         37
  C:2A22H         LINE#         42
  C:2A24H         LINE#         43
  C:2A25H         LINE#         44
BL51 BANKED LINKER/LOCATER V6.22.2.0                                                  11/15/2024  17:31:29  PAGE 62


  C:2A28H         LINE#         46
  C:2A2DH         LINE#         47
  C:2A2DH         LINE#         48
  C:2A30H         LINE#         49
  C:2A35H         LINE#         50
  C:2A36H         LINE#         51
  C:2A39H         LINE#         52
  C:2A3AH         LINE#         53
  C:2A3BH         LINE#         54
  C:2A3CH         LINE#         55
  C:2A3DH         LINE#         56
  C:2A3EH         LINE#         57
  C:2A3FH         LINE#         58
  C:2A44H         LINE#         60
  C:2A4BH         LINE#         61
  C:2A59H         LINE#         63
  C:2A5CH         LINE#         64
  C:2A5DH         LINE#         65
  C:2A5FH         LINE#         67
  C:2A6DH         LINE#         68
  C:2A6DH         LINE#         70
  C:2A77H         LINE#         71
  C:2A7DH         LINE#         72
  C:2A83H         LINE#         73
  C:2A8DH         LINE#         74
  C:2A8EH         LINE#         77
  C:2A8EH         LINE#         78
  C:2A93H         LINE#         79
  C:2A99H         LINE#         80
  C:2AA3H         LINE#         81
  C:2AB2H         LINE#         82
  C:2ACDH         LINE#         83
  C:2ACFH         LINE#         84
  C:2AD4H         LINE#         85
  C:2AD4H         LINE#         86
  -------         ENDPROC       READRAMPCONFIG
  -------         PROC          RESTORETOMINIMUMRAMPCURRENT
  -------         DO            
  D:0006H         SYMBOL        i
  -------         ENDDO         
  C:3AB4H         LINE#         89
  C:3AB4H         LINE#         90
  C:3AB4H         LINE#         93
  C:3ABAH         LINE#         94
  C:3ACFH         LINE#         95
  C:3AEFH         LINE#         96
  -------         ENDPROC       RESTORETOMINIMUMRAMPCURRENT
  -------         PROC          SAVERAMPCONFIG
  B:0021H.0       SYMBOL        IsForceSave
  -------         DO            
  D:002CH         SYMBOL        i
  D:002EH         SYMBOL        ROMData
  D:0035H         SYMBOL        SavedData
  -------         ENDDO         
  C:25B2H         LINE#         99
  C:25B2H         LINE#         100
  C:25B2H         LINE#         104
BL51 BANKED LINKER/LOCATER V6.22.2.0                                                  11/15/2024  17:31:29  PAGE 63


  C:25B4H         LINE#         105
  C:25B5H         LINE#         106
  C:25B8H         LINE#         108
  C:25C0H         LINE#         109
  C:25C0H         LINE#         110
  C:25C4H         LINE#         111
  C:25CAH         LINE#         112
  C:25CBH         LINE#         113
  C:25CEH         LINE#         114
  C:25CFH         LINE#         115
  C:25D0H         LINE#         116
  C:25D1H         LINE#         117
  C:25D2H         LINE#         118
  C:25D3H         LINE#         119
  C:25D4H         LINE#         120
  C:25D9H         LINE#         122
  C:25E0H         LINE#         123
  C:25EEH         LINE#         125
  C:25F8H         LINE#         126
  C:25FEH         LINE#         127
  C:2604H         LINE#         128
  C:260FH         LINE#         129
  C:261BH         LINE#         131
  C:2623H         LINE#         132
  C:2623H         LINE#         133
  C:2623H         LINE#         134
  C:2623H         LINE#         135
  C:2625H         LINE#         137
  C:2625H         LINE#         139
  C:2628H         LINE#         140
  C:262AH         LINE#         141
  C:262BH         LINE#         142
  C:262EH         LINE#         143
  C:262FH         LINE#         144
  C:2630H         LINE#         145
  C:2631H         LINE#         146
  C:2632H         LINE#         147
  C:2633H         LINE#         148
  C:2634H         LINE#         149
  C:263FH         LINE#         151
  C:2644H         LINE#         152
  C:2644H         LINE#         153
  C:264DH         LINE#         155
  C:2650H         LINE#         156
  C:2656H         LINE#         157
  C:2657H         LINE#         158
  C:265AH         LINE#         159
  C:265BH         LINE#         160
  C:265CH         LINE#         161
  C:265DH         LINE#         162
  C:265EH         LINE#         163
  C:265FH         LINE#         164
  C:2660H         LINE#         165
  C:266BH         LINE#         166
  C:2679H         LINE#         168
  C:267CH         LINE#         169
  C:267DH         LINE#         170
BL51 BANKED LINKER/LOCATER V6.22.2.0                                                  11/15/2024  17:31:29  PAGE 64


  C:267FH         LINE#         171
  -------         ENDPROC       SAVERAMPCONFIG
  -------         ENDMOD        RAMPCONFIG

  -------         MODULE        SELFTEST
  C:0000H         SYMBOL        _ICE_DUMMY_
  X:004EH         SYMBOL        ErrDisplayIndex
  C:3978H         PUBLIC        DisplayErrorTIMHandler
  C:319AH         PUBLIC        DisplayErrorIDHandler
  X:0050H         PUBLIC        VBattBeforeTurbo
  X:0054H         PUBLIC        InputDetectTIM
  X:0055H         SYMBOL        ShortDetectTIM
  C:374EH         PUBLIC        InputFaultDetect
  C:28B5H         PUBLIC        OutputFaultDetect
  C:3D13H         SYMBOL        Com002E
  C:3D13H         SYMBOL        L?0047
  C:3D13H         SYMBOL        L?0048
  C:3D24H         SYMBOL        L?0049
  C:3D28H         SYMBOL        L?0050
  C:3D31H         SYMBOL        L?0051
  -------         PROC          COM002E
  -------         ENDPROC       COM002E
  -------         PROC          DISPLAYERRORTIMHANDLER
  C:3978H         LINE#         14
  C:3978H         LINE#         15
  C:3978H         LINE#         17
  C:3986H         LINE#         19
  C:3986H         LINE#         20
  C:3994H         LINE#         21
  C:39B9H         LINE#         22
  C:39B9H         LINE#         23
  -------         ENDPROC       DISPLAYERRORTIMHANDLER
  -------         PROC          DISPLAYERRORIDHANDLER
  -------         DO            
  D:0006H         SYMBOL        buf
  -------         ENDDO         
  C:319AH         LINE#         26
  C:319AH         LINE#         27
  C:319AH         LINE#         30
  C:31BAH         LINE#         31
  C:31BAH         LINE#         32
  C:31BEH         LINE#         33
  C:31C2H         LINE#         34
  C:31C4H         LINE#         35
  C:31C4H         LINE#         36
  C:31C6H         LINE#         37
  C:31EFH         LINE#         38
  C:31EFH         LINE#         39
  C:31FEH         LINE#         40
  C:320DH         LINE#         41
  C:320DH         LINE#         42
  C:320FH         LINE#         43
  C:3212H         LINE#         44
  -------         ENDPROC       DISPLAYERRORIDHANDLER
  -------         PROC          INPUTFAULTDETECT
  C:374EH         LINE#         47
  C:374EH         LINE#         48
BL51 BANKED LINKER/LOCATER V6.22.2.0                                                  11/15/2024  17:31:29  PAGE 65


  C:374EH         LINE#         49
  C:375BH         LINE#         50
  C:376FH         LINE#         51
  C:376FH         LINE#         52
  C:3772H         LINE#         53
  C:379AH         LINE#         54
  C:379CH         LINE#         55
  C:37A8H         LINE#         56
  C:37A8H         LINE#         57
  -------         ENDPROC       INPUTFAULTDETECT
  -------         PROC          OUTPUTFAULTDETECT
  -------         DO            
  D:0023H         SYMBOL        buf
  -------         ENDDO         
  C:28B5H         LINE#         60
  C:28B5H         LINE#         61
  C:28B5H         LINE#         63
  C:28BFH         LINE#         64
  C:28D3H         LINE#         65
  C:28D3H         LINE#         66
  C:28DBH         LINE#         67
  C:28E5H         LINE#         68
  C:28E5H         LINE#         69
  C:28F5H         LINE#         70
  C:28FCH         LINE#         71
  C:28FEH         LINE#         72
  C:290BH         LINE#         73
  C:290BH         LINE#         74
  C:291AH         LINE#         75
  C:2921H         LINE#         76
  C:2923H         LINE#         77
  C:293FH         LINE#         79
  C:2946H         LINE#         80
  C:2949H         LINE#         82
  C:294EH         LINE#         83
  C:295FH         LINE#         84
  C:296BH         LINE#         85
  C:296BH         LINE#         86
  -------         ENDPROC       OUTPUTFAULTDETECT
  -------         ENDMOD        SELFTEST

  -------         MODULE        ?C?FPADD
  C:0055H         PUBLIC        ?C?FPADD
  C:0051H         PUBLIC        ?C?FPSUB
  -------         ENDMOD        ?C?FPADD

  -------         MODULE        ?C?FPMUL
  C:0146H         PUBLIC        ?C?FPMUL
  -------         ENDMOD        ?C?FPMUL

  -------         MODULE        ?C?FPDIV
  C:024FH         PUBLIC        ?C?FPDIV
  -------         ENDMOD        ?C?FPDIV

  -------         MODULE        ?C?FPCMP
  C:02EEH         PUBLIC        ?C?FPCMP
  C:02ECH         PUBLIC        ?C?FPCMP3
BL51 BANKED LINKER/LOCATER V6.22.2.0                                                  11/15/2024  17:31:29  PAGE 66


  -------         ENDMOD        ?C?FPCMP

  -------         MODULE        ?C?FCAST
  C:036FH         PUBLIC        ?C?FCASTC
  C:036AH         PUBLIC        ?C?FCASTI
  C:0365H         PUBLIC        ?C?FCASTL
  -------         ENDMOD        ?C?FCAST

  -------         MODULE        ?C?CASTF
  C:03A3H         PUBLIC        ?C?CASTF
  -------         ENDMOD        ?C?CASTF

  -------         MODULE        ?C?COPY
  C:04F4H         PUBLIC        ?C?COPY
  -------         ENDMOD        ?C?COPY

  -------         MODULE        ?C?SCDIV
  C:051AH         PUBLIC        ?C?SCDIV
  -------         ENDMOD        ?C?SCDIV

  -------         MODULE        ?C?CLDPTR
  C:053CH         PUBLIC        ?C?CLDPTR
  -------         ENDMOD        ?C?CLDPTR

  -------         MODULE        ?C?CLDOPTR
  C:0555H         PUBLIC        ?C?CLDOPTR
  -------         ENDMOD        ?C?CLDOPTR

  -------         MODULE        ?C?CSTPTR
  C:0582H         PUBLIC        ?C?CSTPTR
  -------         ENDMOD        ?C?CSTPTR

  -------         MODULE        ?C?IMUL
  C:0594H         PUBLIC        ?C?IMUL
  -------         ENDMOD        ?C?IMUL

  -------         MODULE        ?C?SIDIV
  C:05A6H         PUBLIC        ?C?SIDIV
  -------         ENDMOD        ?C?SIDIV

  -------         MODULE        ?C?ILDOPTR
  C:05DCH         PUBLIC        ?C?ILDOPTR
  -------         ENDMOD        ?C?ILDOPTR

  -------         MODULE        ?C?ISTPTR
  C:0614H         PUBLIC        ?C?ISTPTR
  -------         ENDMOD        ?C?ISTPTR

  -------         MODULE        ?C?LMUL
  C:0633H         PUBLIC        ?C?LMUL
  -------         ENDMOD        ?C?LMUL

  -------         MODULE        ?C?ULDIV
  C:06BEH         PUBLIC        ?C?ULDIV
  -------         ENDMOD        ?C?ULDIV

  -------         MODULE        ?C?SLDIV
BL51 BANKED LINKER/LOCATER V6.22.2.0                                                  11/15/2024  17:31:29  PAGE 67


  C:3934H         PUBLIC        ?C?SLDIV
  -------         ENDMOD        ?C?SLDIV

  -------         MODULE        ?C?LNEG
  C:0750H         PUBLIC        ?C?LNEG
  -------         ENDMOD        ?C?LNEG

  -------         MODULE        ?C?SLCMP
  C:075EH         PUBLIC        ?C?SLCMP
  -------         ENDMOD        ?C?SLCMP

  -------         MODULE        ?C?ULCMP
  C:0774H         PUBLIC        ?C?ULCMP
  -------         ENDMOD        ?C?ULCMP

  -------         MODULE        ?C?ULSHR
  C:0785H         PUBLIC        ?C?ULSHR
  -------         ENDMOD        ?C?ULSHR

  -------         MODULE        ?C?LLDCODE
  C:0798H         PUBLIC        ?C?LLDCODE
  -------         ENDMOD        ?C?LLDCODE

  -------         MODULE        ?C?LSTXDATA
  C:07A8H         PUBLIC        ?C?LSTXDATA
  -------         ENDMOD        ?C?LSTXDATA

  -------         MODULE        ?C?LSTKXDATA
  C:07B4H         PUBLIC        ?C?LSTKXDATA
  -------         ENDMOD        ?C?LSTKXDATA

  -------         MODULE        ?C?OFFXADD
  C:07E5H         PUBLIC        ?C?OFFXADD
  -------         ENDMOD        ?C?OFFXADD

  -------         MODULE        ?C?UIDIV
  C:07F1H         PUBLIC        ?C?UIDIV
  -------         ENDMOD        ?C?UIDIV

Program Size: data=101.0 xdata=99 code=16329
LINK/LOCATE RUN COMPLETE.  0 WARNING(S),  0 ERROR(S)
